
> grar-towing-seo@0.1.0 build
> next build

  Γצ▓ Next.js 14.2.35
  - Environments: .env.local

   Creating an optimized production build ...
Failed to compile.

./src/lib/guides.ts
Error: 
  x Merge conflict marker encountered.
     ,-[C:\Users\dalia-stein\Desktop\GRAR\src\lib\guides.ts:347:1]
 347 |     }
 348 |     ,
 349 |     {
 350 | <<<<<<< HEAD
     : ^^^^^^^
 351 |         "slug": "stuck-in-mud-4x4-recovery-tips",
 352 |         "title": "╫á╫¬╫º╫ó╫¬╫¥ ╫ס╫ס╫ץ╫Ñ ╫ס╫ק╫ש╫ñ╫פ ╫נ╫ץ ╫ס╫¢╫¿╫₧╫£? 3 ╫ñ╫ó╫ץ╫£╫ץ╫¬ ╫⌐╫ש╫ª╫ש╫£╫ץ ╫נ╫¬╫¢╫¥",
 352 |         "description": "╫á╫¬╫º╫ó╫¬╫¥ ╫ó╫¥ ╫¿╫¢╫ס ╫פ-4x4 ╫ס╫ס╫ץ╫Ñ ╫⌐╫£ ╫פ╫¢╫¿╫₧╫£ ╫נ╫ץ ╫ס╫ק╫ץ╫ú ╫פ╫º╫¿╫ש╫ץ╫¬? ╫₧╫ף╫¿╫ש╫ת ╫º╫ª╫¿ ╫₧╫פ ╫£╫ó╫⌐╫ץ╫¬ ╫¿╫ע╫ó ╫£╫ñ╫á╫ש ╫⌐╫נ╫¬╫¥ ╫₧╫צ╫₧╫ש╫á╫ש╫¥ ╫ע╫¿╫¿ ╫₧╫º╫ª╫ץ╫ó╫ש.",
     `----

  x Merge conflict marker encountered.
     ,-[C:\Users\dalia-stein\Desktop\GRAR\src\lib\guides.ts:351:1]
 351 |         "slug": "stuck-in-mud-4x4-recovery-tips",
 352 |         "title": "╫á╫¬╫º╫ó╫¬╫¥ ╫ס╫ס╫ץ╫Ñ ╫ס╫ק╫ש╫ñ╫פ ╫נ╫ץ ╫ס╫¢╫¿╫₧╫£? 3 ╫ñ╫ó╫ץ╫£╫ץ╫¬ ╫⌐╫ש╫ª╫ש╫£╫ץ ╫נ╫¬╫¢╫¥",
 353 |         "description": "╫á╫¬╫º╫ó╫¬╫¥ ╫ó╫¥ ╫¿╫¢╫ס ╫פ-4x4 ╫ס╫ס╫ץ╫Ñ ╫⌐╫£ ╫פ╫¢╫¿╫₧╫£ ╫נ╫ץ ╫ס╫ק╫ץ╫ú ╫פ╫º╫¿╫ש╫ץ╫¬? ╫₧╫ף╫¿╫ש╫ת ╫º╫ª╫¿ ╫₧╫פ ╫£╫ó╫⌐╫ץ╫¬ ╫¿╫ע╫ó ╫£╫ñ╫á╫ש ╫⌐╫נ╫¬╫¥ ╫₧╫צ╫₧╫ש╫á╫ש╫¥ ╫ע╫¿╫¿ ╫₧╫º╫ª╫ץ╫ó╫ש.",
 354 | =======
     : ^^^^^^^
 355 |     "slug": "stuck-in-mud-carmel-forest-tips",
 356 |     "title": "╫á╫¬╫º╫ó╫¬╫¥ ╫ס╫ס╫ץ╫Ñ ╫ס╫¢╫¿╫₧╫£? 3 ╫ף╫ס╫¿╫ש╫¥ ╫⌐╫ק╫⌐╫ץ╫ס ╫£╫ó╫⌐╫ץ╫¬ (╫ץ╫£╫נ ╫£╫ó╫⌐╫ץ╫¬!)",
 356 |     "description": "╫á╫¬╫º╫ó╫¬╫¥ ╫ó╫¥ ╫פ╫¿╫¢╫ס 4x4 ╫ס╫ס╫ץ╫Ñ ╫⌐╫£ ╫ש╫ó╫¿╫ץ╫¬ ╫פ╫¢╫¿╫₧╫£? ╫נ╫£ ╫¬╫ש╫¢╫á╫í╫ץ ╫£╫£╫ק╫Ñ. ╫º╫¿╫נ╫ץ ╫נ╫¬ ╫פ╫₧╫ף╫¿╫ש╫ת ╫פ╫₧╫פ╫ש╫¿ ╫⌐╫£╫á╫ץ ╫£╫ק╫ש╫£╫ץ╫Ñ ╫ס╫ר╫ץ╫ק ╫ץ╫⌐╫₧╫ש╫¿╫פ ╫ó╫£ ╫פ╫¿╫¢╫ס ╫⌐╫£╫¢╫¥.",
     `----

  x Merge conflict marker encountered.
     ,-[C:\Users\dalia-stein\Desktop\GRAR\src\lib\guides.ts:355:1]
 355 |     "slug": "stuck-in-mud-carmel-forest-tips",
 356 |     "title": "╫á╫¬╫º╫ó╫¬╫¥ ╫ס╫ס╫ץ╫Ñ ╫ס╫¢╫¿╫₧╫£? 3 ╫ף╫ס╫¿╫ש╫¥ ╫⌐╫ק╫⌐╫ץ╫ס ╫£╫ó╫⌐╫ץ╫¬ (╫ץ╫£╫נ ╫£╫ó╫⌐╫ץ╫¬!)",
 357 |     "description": "╫á╫¬╫º╫ó╫¬╫¥ ╫ó╫¥ ╫פ╫¿╫¢╫ס 4x4 ╫ס╫ס╫ץ╫Ñ ╫⌐╫£ ╫ש╫ó╫¿╫ץ╫¬ ╫פ╫¢╫¿╫₧╫£? ╫נ╫£ ╫¬╫ש╫¢╫á╫í╫ץ ╫£╫£╫ק╫Ñ. ╫º╫¿╫נ╫ץ ╫נ╫¬ ╫פ╫₧╫ף╫¿╫ש╫ת ╫פ╫₧╫פ╫ש╫¿ ╫⌐╫£╫á╫ץ ╫£╫ק╫ש╫£╫ץ╫Ñ ╫ס╫ר╫ץ╫ק ╫ץ╫⌐╫₧╫ש╫¿╫פ ╫ó╫£ ╫פ╫¿╫¢╫ס ╫⌐╫£╫¢╫¥.",
 358 | >>>>>>> 25565bc20dc20c72b61697131f453cc5da328392
     : ^^^^^^^
 359 |         "category": "╫ר╫ש╫ñ╫ש╫¥ ╫£╫á╫פ╫ע╫ש╫¥",
 360 |         "publishDate": "2026-03-13",
 360 |         "readTime": "3 ╫ף╫º╫ץ╫¬",
     `----

  x Merge conflict marker encountered.
     ,-[C:\Users\dalia-stein\Desktop\GRAR\src\lib\guides.ts:360:1]
 360 |         "publishDate": "2026-03-13",
 361 |         "readTime": "3 ╫ף╫º╫ץ╫¬",
 362 |         "author": "╫פ╫₧╫ץ╫í╫¢╫á╫ש╫º ╫פ╫ץ╫ש╫¿╫ר╫ץ╫נ╫£╫ש - ╫ע╫¿╫¿ ╫ק╫ש╫ñ╫פ",
 363 | <<<<<<< HEAD
     : ^^^^^^^
 364 |         "content": "<h2>╫á╫¬╫º╫ó╫¬╫¥ ╫ס╫ס╫ץ╫Ñ? ╫נ╫£ ╫¬╫ש╫¢╫á╫í╫ץ ╫£╫£╫ק╫Ñ!</h2><p>╫¢╫ץ╫£╫á╫ץ ╫נ╫ץ╫פ╫ס╫ש╫¥ ╫נ╫¬ ╫פ╫⌐╫ס╫ש╫£╫ש╫¥ ╫⌐╫£ ╫פ╫¢╫¿╫₧╫£ ╫נ╫ץ ╫נ╫¬ ╫פ╫ק╫ץ╫ñ╫ש╫¥ ╫⌐╫£ ╫פ╫º╫¿╫ש╫ץ╫¬, ╫נ╫ס╫£ ╫£╫ñ╫ó╫₧╫ש╫¥ ╫פ╫¿╫¢╫ס ╫פ-4x4 ╫⌐╫£╫¢╫¥ ╫₧╫ץ╫ª╫נ ╫נ╫¬ ╫ó╫ª╫₧╫ץ ╫ó╫₧╫ץ╫º ╫ס╫¬╫ץ╫ת ╫ס╫ץ╫Ñ ╫ר╫ץ╫ס╫ó╫á╫ש. ╫צ╫פ ╫º╫ץ╫¿╫פ ╫£╫ר╫ץ╫ס╫ש╫¥ ╫ס╫ש╫ץ╫¬╫¿, ╫ץ╫צ╫פ ╫ס╫פ╫ק╫£╫ר ╫£╫נ ╫á╫ó╫ש╫¥. ╫ס╫ע╫¿╫¿ ╫₧╫ñ╫¿╫Ñ ╫נ╫º╫í╫ñ╫¿╫í, ╫נ╫á╫ק╫á╫ץ ╫¿╫ץ╫נ╫ש╫¥ ╫נ╫¬ ╫צ╫פ ╫ש╫ץ╫¥-╫ש╫ץ╫¥ Γאף ╫á╫פ╫ע╫ש╫¥ ╫⌐╫₧╫á╫í╫ש╫¥ ╫£╫ª╫נ╫¬ ╫ס╫¢╫ץ╫ק ╫ץ╫¿╫º ╫ע╫ץ╫¿╫₧╫ש╫¥ ╫£╫¿╫¢╫ס ╫£╫⌐╫º╫ץ╫ó ╫ó╫₧╫ץ╫º ╫ש╫ץ╫¬╫¿.</p><h3>╫₧╫פ ╫£╫ó╫⌐╫ץ╫¬ ╫ס╫¿╫ע╫ó ╫פ╫¿╫נ╫⌐╫ץ╫ƒ?</h3><p>╫º╫ץ╫ף╫¥ ╫¢╫£, ╫¬╫á╫⌐╫₧╫ץ. ╫נ╫£ ╫¬╫£╫ק╫ª╫ץ ╫ó╫£ ╫פ╫ע╫צ ╫ס╫ר╫ש╫¿╫ץ╫ú, ╫¢╫ש ╫פ╫í╫ש╫ס╫ץ╫ס ╫⌐╫£ ╫פ╫ע╫£╫ע╫£╫ש╫¥ ╫¿╫º ╫ש╫ק╫ñ╫ץ╫¿ ╫ס╫ץ╫¿ ╫ó╫₧╫ץ╫º ╫ש╫ץ╫¬╫¿ ╫₧╫í╫ס╫ש╫ס ╫£╫ª╫₧╫ש╫ע╫ש╫¥. ╫פ╫á╫פ ╫₧╫פ ╫⌐╫נ╫¬╫¥ ╫ª╫¿╫ש╫¢╫ש╫¥ ╫£╫ó╫⌐╫ץ╫¬:</p><ul><li><strong>╫ס╫ף╫º╫ץ ╫נ╫¬ ╫פ╫£╫ק╫Ñ:</strong> ╫£╫ó╫ש╫¬╫ש╫¥, ╫פ╫ץ╫¿╫ף╫¬ ╫£╫ק╫Ñ ╫נ╫ץ╫ץ╫ש╫¿ ╫º╫£╫פ ╫ס╫ª╫₧╫ש╫ע╫ש╫¥ ╫ש╫¢╫ץ╫£╫פ ╫£╫פ╫ע╫ף╫ש╫£ ╫נ╫¬ ╫⌐╫ר╫ק ╫פ╫₧╫ע╫ó ╫ץ╫£╫ó╫צ╫ץ╫¿ ╫£╫¿╫¢╫ס ╫£╫ª╫נ╫¬ ╫₧╫פ╫ס╫ץ╫Ñ.</li><li><strong>╫á╫ש╫º╫ץ╫ש ╫₧╫í╫£╫ץ╫£:</strong> ╫נ╫¥ ╫ש╫⌐ ╫£╫¢╫¥ ╫נ╫ñ╫⌐╫¿╫ץ╫¬, ╫ñ╫á╫ץ ╫ס╫ó╫צ╫¿╫¬ ╫נ╫¬ ╫ק╫ñ╫ש╫¿╫פ ╫נ╫ץ ╫נ╫ñ╫ש╫£╫ץ ╫ó╫¥ ╫פ╫ש╫ף╫ש╫ש╫¥ ╫נ╫¬ ╫פ╫ס╫ץ╫Ñ ╫⌐╫פ╫ª╫ר╫ס╫¿ ╫£╫ñ╫á╫ש ╫ץ╫ס╫í╫₧╫ץ╫ת ╫£╫ע╫£╫ע╫£╫ש╫¥ ╫פ╫₧╫á╫ש╫ó╫ש╫¥.</li><li><strong>╫⌐╫ש╫₧╫ץ╫⌐ ╫ס╫º╫¿╫⌐╫ש╫¥ ╫נ╫ץ ╫ó╫á╫ñ╫ש╫¥:</strong> ╫פ╫á╫ש╫ק╫ץ ╫₧╫⌐╫ר╫ק ╫ש╫ª╫ש╫ס (╫º╫¿╫⌐╫ש╫¥, ╫ó╫á╫ñ╫ש╫¥ ╫ש╫ס╫⌐╫ש╫¥ ╫נ╫ץ ╫₧╫ק╫ª╫£╫¬) ╫₧╫¬╫ק╫¬ ╫£╫ע╫£╫ע╫£╫ש╫¥ ╫¢╫ף╫ש ╫£╫¬╫¬ ╫£╫פ╫¥ ╫נ╫ק╫ש╫צ╫פ ╫⌐╫¬╫ó╫צ╫ץ╫¿ ╫£╫¿╫¢╫ס \"╫£╫ר╫ñ╫í\" ╫פ╫ק╫ץ╫ª╫פ.</li></ul><h3>╫₧╫¬╫ש ╫£╫פ╫¿╫ש╫¥ ╫ש╫ף╫ש╫ש╫¥ ╫ץ╫£╫פ╫צ╫₧╫ש╫ƒ ╫ע╫¿╫¿?</h3><p>╫נ╫¥ ╫á╫ש╫í╫ש╫¬╫¥ ╫נ╫¬ ╫פ╫ñ╫ó╫ץ╫£╫ץ╫¬ ╫פ╫נ╫£╫ץ ╫ץ╫פ╫¿╫¢╫ס ╫£╫נ ╫צ╫צ, ╫נ╫ץ ╫⌐╫נ╫¬╫¥ ╫₧╫¿╫ע╫ש╫⌐╫ש╫¥ ╫⌐╫פ╫¿╫¢╫ס ╫⌐╫ץ╫º╫ó ╫ó╫₧╫ץ╫º ╫₧╫ף╫ש Γאף ╫ó╫ª╫¿╫ץ. ╫á╫ש╫í╫ש╫ץ╫á╫ץ╫¬ ╫ק╫ש╫£╫ץ╫Ñ ╫נ╫ע╫¿╫í╫ש╫ס╫ש╫ש╫¥ ╫ó╫£╫ץ╫£╫ש╫¥ ╫£╫פ╫ץ╫ס╫ש╫£ ╫£╫á╫צ╫º ╫£╫₧╫ó╫¿╫¢╫¬ ╫פ╫פ╫á╫ó╫פ ╫נ╫ץ ╫£╫ñ╫ע╫ש╫ó╫פ ╫ס╫¬╫ק╫¬╫ש╫¬ ╫פ╫¿╫¢╫ס. ╫ס╫ע╫¿╫¿ ╫₧╫ñ╫¿╫Ñ ╫נ╫º╫í╫ñ╫¿╫í, ╫נ╫á╫ק╫á╫ץ ╫₧╫¬╫₧╫ק╫ש╫¥ ╫ס╫ק╫ש╫£╫ץ╫ª╫ש 4x4 ╫ץ╫⌐╫ר╫ק ╫ס╫נ╫צ╫ץ╫¿ ╫ק╫ש╫ñ╫פ ╫ץ╫פ╫¢╫¿╫₧╫£. ╫ש╫⌐ ╫£╫á╫ץ ╫נ╫¬ ╫פ╫ª╫ש╫ץ╫ף ╫פ╫₧╫¬╫נ╫ש╫¥ ╫¢╫ף╫ש ╫£╫ק╫£╫Ñ ╫נ╫¬╫¢╫¥ ╫ס╫ס╫ר╫ק╫פ, ╫₧╫ס╫£╫ש ╫£╫ע╫¿╫ץ╫¥ ╫á╫צ╫º ╫á╫ץ╫í╫ú ╫£╫¿╫¢╫ס ╫פ╫ש╫º╫¿ ╫⌐╫£╫¢╫¥.</p><p>╫צ╫º╫ץ╫º╫ש╫¥ ╫£╫ó╫צ╫¿╫פ ╫ס╫í╫ר╫£╫פ ╫₧╫נ╫¿╫ש╫í, ╫ס╫ש╫ó╫¿╫ץ╫¬ ╫פ╫¢╫¿╫₧╫£ ╫נ╫ץ ╫ס╫ק╫ץ╫ú ╫º╫¿╫ש╫¬ ╫ק╫ש╫ש╫¥? ╫נ╫á╫ק╫á╫ץ ╫¢╫נ╫ƒ ╫צ╫₧╫ש╫á╫ש╫¥ ╫ó╫ס╫ץ╫¿╫¢╫¥ 24/7. ╫נ╫£ ╫¬╫í╫¬╫¢╫á╫ץ, ╫¬╫á╫ץ ╫£╫₧╫º╫ª╫ץ╫ó╫á╫ש╫¥ ╫£╫פ╫ק╫צ╫ש╫¿ ╫נ╫¬╫¢╫¥ ╫£╫¢╫ס╫ש╫⌐ ╫ס╫¿╫נ╫⌐ ╫⌐╫º╫ר.</p>"
 365 | =======
 365 |     "content": "<h2>╫á╫¬╫º╫ó╫¬╫¥ ╫ס╫ס╫ץ╫Ñ? ╫נ╫£ ╫¬╫£╫ק╫ª╫ץ ╫ó╫£ ╫פ╫ע╫צ!</h2><p>╫פ╫¢╫¿╫₧╫£ ╫₧╫ª╫ש╫ó ╫₧╫í╫£╫ץ╫£╫ש ╫⌐╫ר╫ק ╫₧╫¿╫פ╫ש╫ס╫ש╫¥, ╫נ╫ס╫£ ╫פ╫ס╫ץ╫Ñ ╫פ╫ק╫ש╫ñ╫נ╫ש ╫ש╫¢╫ץ╫£ ╫£╫פ╫ñ╫¬╫ש╫ó ╫ע╫¥ ╫נ╫¬ ╫פ╫á╫פ╫ע╫ש╫¥ ╫פ╫₧╫á╫ץ╫í╫ש╫¥ ╫ס╫ש╫ץ╫¬╫¿. ╫נ╫¥ ╫₧╫ª╫נ╫¬╫¥ ╫נ╫¬ ╫ó╫ª╫₧╫¢╫¥ ╫⌐╫º╫ץ╫ó╫ש╫¥ ╫ס╫ס╫ץ╫Ñ ╫ó╫₧╫ץ╫º ╫ס╫נ╫צ╫ץ╫¿ ╫ף╫á╫ש╫פ ╫נ╫ץ ╫ס╫ש╫ó╫¿╫ץ╫¬ ╫פ╫¢╫¿╫₧╫£, ╫פ╫á╫פ ╫₧╫פ ╫⌐╫ª╫¿╫ש╫ת ╫£╫ó╫⌐╫ץ╫¬ ╫¢╫ף╫ש ╫£╫פ╫ש╫₧╫á╫ó ╫₧╫á╫צ╫º ╫₧╫ש╫ץ╫¬╫¿.</p><h3>╫₧╫פ ╫פ╫ף╫ס╫¿ ╫פ╫¿╫נ╫⌐╫ץ╫ƒ ╫£╫ó╫⌐╫ץ╫¬?</h3><p>╫º╫ץ╫ף╫¥ ╫¢╫£, ╫ó╫ª╫¿╫ץ. ╫פ╫á╫ר╫ש╫ש╫פ ╫פ╫ר╫ס╫ó╫ש╫¬ ╫פ╫ש╫נ ╫£╫£╫ק╫ץ╫Ñ ╫ó╫£ ╫פ╫ע╫צ ╫ס╫¢╫£ ╫פ╫¢╫ץ╫ק ╫¢╫ף╫ש ╫£╫ª╫נ╫¬, ╫נ╫ס╫£ ╫צ╫פ ╫¿╫º ╫ע╫ץ╫¿╫¥ ╫£╫ע╫£╫ע╫£╫ש╫¥ ╫£╫ק╫ñ╫ץ╫¿ ╫ó╫₧╫ץ╫º ╫ש╫ץ╫¬╫¿ ╫ץ╫ó╫£╫ץ╫£ ╫£╫פ╫ץ╫ס╫ש╫£ ╫£╫⌐╫ס╫ש╫¿╫¬ ╫ª╫ש╫¿╫ש╫פ ╫נ╫ץ ╫á╫צ╫º ╫£╫₧╫á╫ץ╫ó. ╫⌐╫ק╫¿╫¿╫ץ ╫נ╫¬ ╫פ╫¿╫ע╫£ ╫₧╫פ╫ף╫ץ╫ץ╫⌐╫פ ╫ץ╫פ╫ó╫¿╫ש╫¢╫ץ ╫נ╫¬ ╫פ╫₧╫ª╫ס.</p><h3>╫ר╫ש╫ñ╫ש╫¥ ╫£╫ק╫ש╫£╫ץ╫Ñ ╫ó╫ª╫₧╫ש ╫ס╫ר╫ץ╫ק</h3><p>1. <strong>╫פ╫ץ╫¿╫ש╫ף╫ץ ╫£╫ק╫Ñ ╫נ╫ץ╫ץ╫ש╫¿ ╫ס╫ª╫₧╫ש╫ע╫ש╫¥:</strong> ╫£╫ó╫ש╫¬╫ש╫¥, ╫פ╫ץ╫¿╫ף╫¬ ╫£╫ק╫Ñ ╫נ╫ץ╫ץ╫ש╫¿ ╫º╫£╫פ ╫₧╫ע╫ף╫ש╫£╫פ ╫נ╫¬ ╫⌐╫ר╫ק ╫פ╫₧╫ע╫ó ╫⌐╫£ ╫פ╫ª╫₧╫ש╫ע ╫ץ╫ó╫ץ╫צ╫¿╫¬ ╫£╫ץ \"╫£╫ª╫ץ╫ú\" ╫ó╫£ ╫פ╫ס╫ץ╫Ñ.</p><p>2. <strong>╫ש╫ª╫ש╫¿╫¬ ╫ק╫ש╫¢╫ץ╫ת:</strong> ╫פ╫á╫ש╫ק╫ץ ╫ó╫á╫ñ╫ש╫¥ ╫ש╫ס╫⌐╫ש╫¥, ╫נ╫ס╫á╫ש╫¥ ╫⌐╫ר╫ץ╫ק╫ץ╫¬ ╫נ╫ץ ╫⌐╫ר╫ש╫ק╫ץ╫á╫ש ╫פ╫¿╫¢╫ס ╫₧╫¬╫ק╫¬ ╫£╫ע╫£╫ע╫£╫ש╫¥ ╫פ╫₧╫á╫ש╫ó╫ש╫¥. ╫צ╫פ ╫ó╫⌐╫ץ╫ש ╫£╫¬╫¬ ╫נ╫¬ ╫פ'╫נ╫ק╫ש╫צ╫פ' ╫פ╫º╫ר╫á╫פ ╫⌐╫ק╫í╫¿╫פ ╫£╫¢╫¥.</p><p>3. <strong>╫ף╫ó╫ץ ╫₧╫¬╫ש ╫£╫ס╫º╫⌐ ╫ó╫צ╫¿╫פ:</strong> ╫נ╫¥ ╫פ╫¿╫¢╫ס ╫⌐╫º╫ץ╫ó ╫ó╫£ ╫פ╫ע╫ק╫ץ╫ƒ, ╫נ╫£ ╫¬╫í╫¬╫¢╫á╫ץ. ╫á╫ש╫í╫ש╫ץ╫á╫ץ╫¬ ╫ק╫ש╫£╫ץ╫Ñ ╫£╫נ ╫₧╫º╫ª╫ץ╫ó╫ש╫ש╫¥ ╫ó╫£╫ץ╫£╫ש╫¥ ╫£╫פ╫í╫¬╫ש╫ש╫¥ ╫ס╫á╫צ╫º ╫¢╫ס╫ף ╫£╫¿╫¢╫ס ╫נ╫ץ ╫ק╫£╫ש╫£╫פ ╫ס╫ñ╫ª╫ש╫ó╫פ. ╫ª╫ץ╫ץ╫¬ '╫ע╫¿╫¿ ╫₧╫ñ╫¿╫Ñ ╫נ╫º╫í╫ñ╫¿╫í' ╫₧╫¬╫₧╫ק╫פ ╫ס╫ק╫ש╫£╫ץ╫ª╫ש ╫⌐╫ר╫ק ╫ס╫¬╫ץ╫ץ╫נ╫ש ╫₧╫ץ╫¿╫¢╫ס ╫ץ╫₧╫ע╫ש╫ó ╫₧╫ª╫ץ╫ש╫ף ╫ס╫¢╫£ ╫פ╫ª╫ש╫ץ╫ף ╫פ╫ף╫¿╫ץ╫⌐ ╫£╫ק╫ש╫£╫ץ╫Ñ ╫ó╫ף╫ש╫ƒ ╫ץ╫₧╫º╫ª╫ץ╫ó╫ש.</p><h3>╫£╫₧╫פ ╫נ╫á╫ק╫á╫ץ?</h3><p>╫נ╫á╫ק╫á╫ץ ╫₧╫¢╫ש╫¿╫ש╫¥ ╫¢╫£ ╫⌐╫ס╫ש╫£ ╫ס╫ק╫ש╫ñ╫פ ╫ץ╫ס╫º╫¿╫ש╫ץ╫¬. ╫ס╫ש╫ƒ ╫נ╫¥ ╫á╫¬╫º╫ó╫¬╫¥ ╫ס╫ק╫ץ╫ú ╫ס╫º╫¿╫ש╫ש╫¬ ╫ק╫ש╫ש╫¥ ╫נ╫ץ ╫ס╫ס╫ץ╫Ñ ╫פ╫ó╫₧╫ץ╫º ╫⌐╫£ ╫פ╫¢╫¿╫₧╫£, ╫נ╫á╫ק╫á╫ץ ╫צ╫₧╫ש╫á╫ש╫¥ 24/7 ╫¢╫ף╫ש ╫£╫פ╫ץ╫ª╫ש╫נ ╫נ╫¬╫¢╫¥ ╫₧╫פ╫ס╫ץ╫Ñ ╫ס╫ס╫ר╫ק╫פ ╫ץ╫ס╫₧╫ק╫ש╫¿ ╫פ╫ץ╫ע╫ƒ. ╫נ╫£ ╫¬╫¬╫á╫ץ ╫£╫ס╫ץ╫Ñ ╫£╫פ╫¿╫ץ╫í ╫£╫¢╫¥ ╫נ╫¬ ╫פ╫ש╫ץ╫¥ Γאף ╫נ╫á╫ק╫á╫ץ ╫ס╫ף╫¿╫ת ╫נ╫£╫ש╫¢╫¥.</p>"
     `----

  x Merge conflict marker encountered.
     ,-[C:\Users\dalia-stein\Desktop\GRAR\src\lib\guides.ts:362:1]
 362 |         "author": "╫פ╫₧╫ץ╫í╫¢╫á╫ש╫º ╫פ╫ץ╫ש╫¿╫ר╫ץ╫נ╫£╫ש - ╫ע╫¿╫¿ ╫ק╫ש╫ñ╫פ",
 363 | <<<<<<< HEAD
 364 |         "content": "<h2>╫á╫¬╫º╫ó╫¬╫¥ ╫ס╫ס╫ץ╫Ñ? ╫נ╫£ ╫¬╫ש╫¢╫á╫í╫ץ ╫£╫£╫ק╫Ñ!</h2><p>╫¢╫ץ╫£╫á╫ץ ╫נ╫ץ╫פ╫ס╫ש╫¥ ╫נ╫¬ ╫פ╫⌐╫ס╫ש╫£╫ש╫¥ ╫⌐╫£ ╫פ╫¢╫¿╫₧╫£ ╫נ╫ץ ╫נ╫¬ ╫פ╫ק╫ץ╫ñ╫ש╫¥ ╫⌐╫£ ╫פ╫º╫¿╫ש╫ץ╫¬, ╫נ╫ס╫£ ╫£╫ñ╫ó╫₧╫ש╫¥ ╫פ╫¿╫¢╫ס ╫פ-4x4 ╫⌐╫£╫¢╫¥ ╫₧╫ץ╫ª╫נ ╫נ╫¬ ╫ó╫ª╫₧╫ץ ╫ó╫₧╫ץ╫º ╫ס╫¬╫ץ╫ת ╫ס╫ץ╫Ñ ╫ר╫ץ╫ס╫ó╫á╫ש. ╫צ╫פ ╫º╫ץ╫¿╫פ ╫£╫ר╫ץ╫ס╫ש╫¥ ╫ס╫ש╫ץ╫¬╫¿, ╫ץ╫צ╫פ ╫ס╫פ╫ק╫£╫ר ╫£╫נ ╫á╫ó╫ש╫¥. ╫ס╫ע╫¿╫¿ ╫₧╫ñ╫¿╫Ñ ╫נ╫º╫í╫ñ╫¿╫í, ╫נ╫á╫ק╫á╫ץ ╫¿╫ץ╫נ╫ש╫¥ ╫נ╫¬ ╫צ╫פ ╫ש╫ץ╫¥-╫ש╫ץ╫¥ Γאף ╫á╫פ╫ע╫ש╫¥ ╫⌐╫₧╫á╫í╫ש╫¥ ╫£╫ª╫נ╫¬ ╫ס╫¢╫ץ╫ק ╫ץ╫¿╫º ╫ע╫ץ╫¿╫₧╫ש╫¥ ╫£╫¿╫¢╫ס ╫£╫⌐╫º╫ץ╫ó ╫ó╫₧╫ץ╫º ╫ש╫ץ╫¬╫¿.</p><h3>╫₧╫פ ╫£╫ó╫⌐╫ץ╫¬ ╫ס╫¿╫ע╫ó ╫פ╫¿╫נ╫⌐╫ץ╫ƒ?</h3><p>╫º╫ץ╫ף╫¥ ╫¢╫£, ╫¬╫á╫⌐╫₧╫ץ. ╫נ╫£ ╫¬╫£╫ק╫ª╫ץ ╫ó╫£ ╫פ╫ע╫צ ╫ס╫ר╫ש╫¿╫ץ╫ú, ╫¢╫ש ╫פ╫í╫ש╫ס╫ץ╫ס ╫⌐╫£ ╫פ╫ע╫£╫ע╫£╫ש╫¥ ╫¿╫º ╫ש╫ק╫ñ╫ץ╫¿ ╫ס╫ץ╫¿ ╫ó╫₧╫ץ╫º ╫ש╫ץ╫¬╫¿ ╫₧╫í╫ס╫ש╫ס ╫£╫ª╫₧╫ש╫ע╫ש╫¥. ╫פ╫á╫פ ╫₧╫פ ╫⌐╫נ╫¬╫¥ ╫ª╫¿╫ש╫¢╫ש╫¥ ╫£╫ó╫⌐╫ץ╫¬:</p><ul><li><strong>╫ס╫ף╫º╫ץ ╫נ╫¬ ╫פ╫£╫ק╫Ñ:</strong> ╫£╫ó╫ש╫¬╫ש╫¥, ╫פ╫ץ╫¿╫ף╫¬ ╫£╫ק╫Ñ ╫נ╫ץ╫ץ╫ש╫¿ ╫º╫£╫פ ╫ס╫ª╫₧╫ש╫ע╫ש╫¥ ╫ש╫¢╫ץ╫£╫פ ╫£╫פ╫ע╫ף╫ש╫£ ╫נ╫¬ ╫⌐╫ר╫ק ╫פ╫₧╫ע╫ó ╫ץ╫£╫ó╫צ╫ץ╫¿ ╫£╫¿╫¢╫ס ╫£╫ª╫נ╫¬ ╫₧╫פ╫ס╫ץ╫Ñ.</li><li><strong>╫á╫ש╫º╫ץ╫ש ╫₧╫í╫£╫ץ╫£:</strong> ╫נ╫¥ ╫ש╫⌐ ╫£╫¢╫¥ ╫נ╫ñ╫⌐╫¿╫ץ╫¬, ╫ñ╫á╫ץ ╫ס╫ó╫צ╫¿╫¬ ╫נ╫¬ ╫ק╫ñ╫ש╫¿╫פ ╫נ╫ץ ╫נ╫ñ╫ש╫£╫ץ ╫ó╫¥ ╫פ╫ש╫ף╫ש╫ש╫¥ ╫נ╫¬ ╫פ╫ס╫ץ╫Ñ ╫⌐╫פ╫ª╫ר╫ס╫¿ ╫£╫ñ╫á╫ש ╫ץ╫ס╫í╫₧╫ץ╫ת ╫£╫ע╫£╫ע╫£╫ש╫¥ ╫פ╫₧╫á╫ש╫ó╫ש╫¥.</li><li><strong>╫⌐╫ש╫₧╫ץ╫⌐ ╫ס╫º╫¿╫⌐╫ש╫¥ ╫נ╫ץ ╫ó╫á╫ñ╫ש╫¥:</strong> ╫פ╫á╫ש╫ק╫ץ ╫₧╫⌐╫ר╫ק ╫ש╫ª╫ש╫ס (╫º╫¿╫⌐╫ש╫¥, ╫ó╫á╫ñ╫ש╫¥ ╫ש╫ס╫⌐╫ש╫¥ ╫נ╫ץ ╫₧╫ק╫ª╫£╫¬) ╫₧╫¬╫ק╫¬ ╫£╫ע╫£╫ע╫£╫ש╫¥ ╫¢╫ף╫ש ╫£╫¬╫¬ ╫£╫פ╫¥ ╫נ╫ק╫ש╫צ╫פ ╫⌐╫¬╫ó╫צ╫ץ╫¿ ╫£╫¿╫¢╫ס \"╫£╫ר╫ñ╫í\" ╫פ╫ק╫ץ╫ª╫פ.</li></ul><h3>╫₧╫¬╫ש ╫£╫פ╫¿╫ש╫¥ ╫ש╫ף╫ש╫ש╫¥ ╫ץ╫£╫פ╫צ╫₧╫ש╫ƒ ╫ע╫¿╫¿?</h3><p>╫נ╫¥ ╫á╫ש╫í╫ש╫¬╫¥ ╫נ╫¬ ╫פ╫ñ╫ó╫ץ╫£╫ץ╫¬ ╫פ╫נ╫£╫ץ ╫ץ╫פ╫¿╫¢╫ס ╫£╫נ ╫צ╫צ, ╫נ╫ץ ╫⌐╫נ╫¬╫¥ ╫₧╫¿╫ע╫ש╫⌐╫ש╫¥ ╫⌐╫פ╫¿╫¢╫ס ╫⌐╫ץ╫º╫ó ╫ó╫₧╫ץ╫º ╫₧╫ף╫ש Γאף ╫ó╫ª╫¿╫ץ. ╫á╫ש╫í╫ש╫ץ╫á╫ץ╫¬ ╫ק╫ש╫£╫ץ╫Ñ ╫נ╫ע╫¿╫í╫ש╫ס╫ש╫ש╫¥ ╫ó╫£╫ץ╫£╫ש╫¥ ╫£╫פ╫ץ╫ס╫ש╫£ ╫£╫á╫צ╫º ╫£╫₧╫ó╫¿╫¢╫¬ ╫פ╫פ╫á╫ó╫פ ╫נ╫ץ ╫£╫ñ╫ע╫ש╫ó╫פ ╫ס╫¬╫ק╫¬╫ש╫¬ ╫פ╫¿╫¢╫ס. ╫ס╫ע╫¿╫¿ ╫₧╫ñ╫¿╫Ñ ╫נ╫º╫í╫ñ╫¿╫í, ╫נ╫á╫ק╫á╫ץ ╫₧╫¬╫₧╫ק╫ש╫¥ ╫ס╫ק╫ש╫£╫ץ╫ª╫ש 4x4 ╫ץ╫⌐╫ר╫ק ╫ס╫נ╫צ╫ץ╫¿ ╫ק╫ש╫ñ╫פ ╫ץ╫פ╫¢╫¿╫₧╫£. ╫ש╫⌐ ╫£╫á╫ץ ╫נ╫¬ ╫פ╫ª╫ש╫ץ╫ף ╫פ╫₧╫¬╫נ╫ש╫¥ ╫¢╫ף╫ש ╫£╫ק╫£╫Ñ ╫נ╫¬╫¢╫¥ ╫ס╫ס╫ר╫ק╫פ, ╫₧╫ס╫£╫ש ╫£╫ע╫¿╫ץ╫¥ ╫á╫צ╫º ╫á╫ץ╫í╫ú ╫£╫¿╫¢╫ס ╫פ╫ש╫º╫¿ ╫⌐╫£╫¢╫¥.</p><p>╫צ╫º╫ץ╫º╫ש╫¥ ╫£╫ó╫צ╫¿╫פ ╫ס╫í╫ר╫£╫פ ╫₧╫נ╫¿╫ש╫í, ╫ס╫ש╫ó╫¿╫ץ╫¬ ╫פ╫¢╫¿╫₧╫£ ╫נ╫ץ ╫ס╫ק╫ץ╫ú ╫º╫¿╫ש╫¬ ╫ק╫ש╫ש╫¥? ╫נ╫á╫ק╫á╫ץ ╫¢╫נ╫ƒ ╫צ╫₧╫ש╫á╫ש╫¥ ╫ó╫ס╫ץ╫¿╫¢╫¥ 24/7. ╫נ╫£ ╫¬╫í╫¬╫¢╫á╫ץ, ╫¬╫á╫ץ ╫£╫₧╫º╫ª╫ץ╫ó╫á╫ש╫¥ ╫£╫פ╫ק╫צ╫ש╫¿ ╫נ╫¬╫¢╫¥ ╫£╫¢╫ס╫ש╫⌐ ╫ס╫¿╫נ╫⌐ ╫⌐╫º╫ר.</p>"
 365 | =======
     : ^^^^^^^
 366 |     "content": "<h2>╫á╫¬╫º╫ó╫¬╫¥ ╫ס╫ס╫ץ╫Ñ? ╫נ╫£ ╫¬╫£╫ק╫ª╫ץ ╫ó╫£ ╫פ╫ע╫צ!</h2><p>╫פ╫¢╫¿╫₧╫£ ╫₧╫ª╫ש╫ó ╫₧╫í╫£╫ץ╫£╫ש ╫⌐╫ר╫ק ╫₧╫¿╫פ╫ש╫ס╫ש╫¥, ╫נ╫ס╫£ ╫פ╫ס╫ץ╫Ñ ╫פ╫ק╫ש╫ñ╫נ╫ש ╫ש╫¢╫ץ╫£ ╫£╫פ╫ñ╫¬╫ש╫ó ╫ע╫¥ ╫נ╫¬ ╫פ╫á╫פ╫ע╫ש╫¥ ╫פ╫₧╫á╫ץ╫í╫ש╫¥ ╫ס╫ש╫ץ╫¬╫¿. ╫נ╫¥ ╫₧╫ª╫נ╫¬╫¥ ╫נ╫¬ ╫ó╫ª╫₧╫¢╫¥ ╫⌐╫º╫ץ╫ó╫ש╫¥ ╫ס╫ס╫ץ╫Ñ ╫ó╫₧╫ץ╫º ╫ס╫נ╫צ╫ץ╫¿ ╫ף╫á╫ש╫פ ╫נ╫ץ ╫ס╫ש╫ó╫¿╫ץ╫¬ ╫פ╫¢╫¿╫₧╫£, ╫פ╫á╫פ ╫₧╫פ ╫⌐╫ª╫¿╫ש╫ת ╫£╫ó╫⌐╫ץ╫¬ ╫¢╫ף╫ש ╫£╫פ╫ש╫₧╫á╫ó ╫₧╫á╫צ╫º ╫₧╫ש╫ץ╫¬╫¿.</p><h3>╫₧╫פ ╫פ╫ף╫ס╫¿ ╫פ╫¿╫נ╫⌐╫ץ╫ƒ ╫£╫ó╫⌐╫ץ╫¬?</h3><p>╫º╫ץ╫ף╫¥ ╫¢╫£, ╫ó╫ª╫¿╫ץ. ╫פ╫á╫ר╫ש╫ש╫פ ╫פ╫ר╫ס╫ó╫ש╫¬ ╫פ╫ש╫נ ╫£╫£╫ק╫ץ╫Ñ ╫ó╫£ ╫פ╫ע╫צ ╫ס╫¢╫£ ╫פ╫¢╫ץ╫ק ╫¢╫ף╫ש ╫£╫ª╫נ╫¬, ╫נ╫ס╫£ ╫צ╫פ ╫¿╫º ╫ע╫ץ╫¿╫¥ ╫£╫ע╫£╫ע╫£╫ש╫¥ ╫£╫ק╫ñ╫ץ╫¿ ╫ó╫₧╫ץ╫º ╫ש╫ץ╫¬╫¿ ╫ץ╫ó╫£╫ץ╫£ ╫£╫פ╫ץ╫ס╫ש╫£ ╫£╫⌐╫ס╫ש╫¿╫¬ ╫ª╫ש╫¿╫ש╫פ ╫נ╫ץ ╫á╫צ╫º ╫£╫₧╫á╫ץ╫ó. ╫⌐╫ק╫¿╫¿╫ץ ╫נ╫¬ ╫פ╫¿╫ע╫£ ╫₧╫פ╫ף╫ץ╫ץ╫⌐╫פ ╫ץ╫פ╫ó╫¿╫ש╫¢╫ץ ╫נ╫¬ ╫פ╫₧╫ª╫ס.</p><h3>╫ר╫ש╫ñ╫ש╫¥ ╫£╫ק╫ש╫£╫ץ╫Ñ ╫ó╫ª╫₧╫ש ╫ס╫ר╫ץ╫ק</h3><p>1. <strong>╫פ╫ץ╫¿╫ש╫ף╫ץ ╫£╫ק╫Ñ ╫נ╫ץ╫ץ╫ש╫¿ ╫ס╫ª╫₧╫ש╫ע╫ש╫¥:</strong> ╫£╫ó╫ש╫¬╫ש╫¥, ╫פ╫ץ╫¿╫ף╫¬ ╫£╫ק╫Ñ ╫נ╫ץ╫ץ╫ש╫¿ ╫º╫£╫פ ╫₧╫ע╫ף╫ש╫£╫פ ╫נ╫¬ ╫⌐╫ר╫ק ╫פ╫₧╫ע╫ó ╫⌐╫£ ╫פ╫ª╫₧╫ש╫ע ╫ץ╫ó╫ץ╫צ╫¿╫¬ ╫£╫ץ \"╫£╫ª╫ץ╫ú\" ╫ó╫£ ╫פ╫ס╫ץ╫Ñ.</p><p>2. <strong>╫ש╫ª╫ש╫¿╫¬ ╫ק╫ש╫¢╫ץ╫ת:</strong> ╫פ╫á╫ש╫ק╫ץ ╫ó╫á╫ñ╫ש╫¥ ╫ש╫ס╫⌐╫ש╫¥, ╫נ╫ס╫á╫ש╫¥ ╫⌐╫ר╫ץ╫ק╫ץ╫¬ ╫נ╫ץ ╫⌐╫ר╫ש╫ק╫ץ╫á╫ש ╫פ╫¿╫¢╫ס ╫₧╫¬╫ק╫¬ ╫£╫ע╫£╫ע╫£╫ש╫¥ ╫פ╫₧╫á╫ש╫ó╫ש╫¥. ╫צ╫פ ╫ó╫⌐╫ץ╫ש ╫£╫¬╫¬ ╫נ╫¬ ╫פ'╫נ╫ק╫ש╫צ╫פ' ╫פ╫º╫ר╫á╫פ ╫⌐╫ק╫í╫¿╫פ ╫£╫¢╫¥.</p><p>3. <strong>╫ף╫ó╫ץ ╫₧╫¬╫ש ╫£╫ס╫º╫⌐ ╫ó╫צ╫¿╫פ:</strong> ╫נ╫¥ ╫פ╫¿╫¢╫ס ╫⌐╫º╫ץ╫ó ╫ó╫£ ╫פ╫ע╫ק╫ץ╫ƒ, ╫נ╫£ ╫¬╫í╫¬╫¢╫á╫ץ. ╫á╫ש╫í╫ש╫ץ╫á╫ץ╫¬ ╫ק╫ש╫£╫ץ╫Ñ ╫£╫נ ╫₧╫º╫ª╫ץ╫ó╫ש╫ש╫¥ ╫ó╫£╫ץ╫£╫ש╫¥ ╫£╫פ╫í╫¬╫ש╫ש╫¥ ╫ס╫á╫צ╫º ╫¢╫ס╫ף ╫£╫¿╫¢╫ס ╫נ╫ץ ╫ק╫£╫ש╫£╫פ ╫ס╫ñ╫ª╫ש╫ó╫פ. ╫ª╫ץ╫ץ╫¬ '╫ע╫¿╫¿ ╫₧╫ñ╫¿╫Ñ ╫נ╫º╫í╫ñ╫¿╫í' ╫₧╫¬╫₧╫ק╫פ ╫ס╫ק╫ש╫£╫ץ╫ª╫ש ╫⌐╫ר╫ק ╫ס╫¬╫ץ╫ץ╫נ╫ש ╫₧╫ץ╫¿╫¢╫ס ╫ץ╫₧╫ע╫ש╫ó ╫₧╫ª╫ץ╫ש╫ף ╫ס╫¢╫£ ╫פ╫ª╫ש╫ץ╫ף ╫פ╫ף╫¿╫ץ╫⌐ ╫£╫ק╫ש╫£╫ץ╫Ñ ╫ó╫ף╫ש╫ƒ ╫ץ╫₧╫º╫ª╫ץ╫ó╫ש.</p><h3>╫£╫₧╫פ ╫נ╫á╫ק╫á╫ץ?</h3><p>╫נ╫á╫ק╫á╫ץ ╫₧╫¢╫ש╫¿╫ש╫¥ ╫¢╫£ ╫⌐╫ס╫ש╫£ ╫ס╫ק╫ש╫ñ╫פ ╫ץ╫ס╫º╫¿╫ש╫ץ╫¬. ╫ס╫ש╫ƒ ╫נ╫¥ ╫á╫¬╫º╫ó╫¬╫¥ ╫ס╫ק╫ץ╫ú ╫ס╫º╫¿╫ש╫ש╫¬ ╫ק╫ש╫ש╫¥ ╫נ╫ץ ╫ס╫ס╫ץ╫Ñ ╫פ╫ó╫₧╫ץ╫º ╫⌐╫£ ╫פ╫¢╫¿╫₧╫£, ╫נ╫á╫ק╫á╫ץ ╫צ╫₧╫ש╫á╫ש╫¥ 24/7 ╫¢╫ף╫ש ╫£╫פ╫ץ╫ª╫ש╫נ ╫נ╫¬╫¢╫¥ ╫₧╫פ╫ס╫ץ╫Ñ ╫ס╫ס╫ר╫ק╫פ ╫ץ╫ס╫₧╫ק╫ש╫¿ ╫פ╫ץ╫ע╫ƒ. ╫נ╫£ ╫¬╫¬╫á╫ץ ╫£╫ס╫ץ╫Ñ ╫£╫פ╫¿╫ץ╫í ╫£╫¢╫¥ ╫נ╫¬ ╫פ╫ש╫ץ╫¥ Γאף ╫נ╫á╫ק╫á╫ץ ╫ס╫ף╫¿╫ת ╫נ╫£╫ש╫¢╫¥.</p>"
 367 | }
 367 | ,
     `----

  x Expected ',', got 'string literal (content, "content")'
     ,-[C:\Users\dalia-stein\Desktop\GRAR\src\lib\guides.ts:362:1]
 362 |             "author": "╫פ╫₧╫ץ╫í╫¢╫á╫ש╫º ╫פ╫ץ╫ש╫¿╫ר╫ץ╫נ╫£╫ש - ╫ע╫¿╫¿ ╫ק╫ש╫ñ╫פ",
 363 |     <<<<<<< HEAD
 364 |             "content": "<h2>╫á╫¬╫º╫ó╫¬╫¥ ╫ס╫ס╫ץ╫Ñ? ╫נ╫£ ╫¬╫ש╫¢╫á╫í╫ץ ╫£╫£╫ק╫Ñ!</h2><p>╫¢╫ץ╫£╫á╫ץ ╫נ╫ץ╫פ╫ס╫ש╫¥ ╫נ╫¬ ╫פ╫⌐╫ס╫ש╫£╫ש╫¥ ╫⌐╫£ ╫פ╫¢╫¿╫₧╫£ ╫נ╫ץ ╫נ╫¬ ╫פ╫ק╫ץ╫ñ╫ש╫¥ ╫⌐╫£ ╫פ╫º╫¿╫ש╫ץ╫¬, ╫נ╫ס╫£ ╫£╫ñ╫ó╫₧╫ש╫¥ ╫פ╫¿╫¢╫ס ╫פ-4x4 ╫⌐╫£╫¢╫¥ ╫₧╫ץ╫ª╫נ ╫נ╫¬ ╫ó╫ª╫₧╫ץ ╫ó╫₧╫ץ╫º ╫ס╫¬╫ץ╫ת ╫ס╫ץ╫Ñ ╫ר╫ץ╫ס╫ó╫á╫ש. ╫צ╫פ ╫º╫ץ╫¿╫פ ╫£╫ר╫ץ╫ס╫ש╫¥ ╫ס╫ש╫ץ╫¬╫¿, ╫ץ╫צ╫פ ╫ס╫פ╫ק╫£╫ר ╫£╫נ ╫á╫ó╫ש╫¥. ╫ס╫ע╫¿╫¿ ╫₧╫ñ╫¿╫Ñ ╫נ╫º╫í╫ñ╫¿╫í, ╫נ╫á╫ק╫á╫ץ ╫¿╫ץ╫נ╫ש╫¥ ╫נ╫¬ ╫צ╫פ ╫ש╫ץ╫¥-╫ש╫ץ╫¥ Γאף ╫á╫פ╫ע╫ש╫¥ ╫⌐╫₧╫á╫í╫ש╫¥ ╫£╫ª╫נ╫¬ ╫ס╫¢╫ץ╫ק ╫ץ╫¿╫º ╫ע╫ץ╫¿╫₧╫ש╫¥ ╫£╫¿╫¢╫ס ╫£╫⌐╫º╫ץ╫ó ╫ó╫₧╫ץ╫º ╫ש╫ץ╫¬╫¿.</p><h3>╫₧╫פ ╫£╫ó╫⌐╫ץ╫¬ ╫ס╫¿╫ע╫ó ╫פ╫¿╫נ╫⌐╫ץ╫ƒ?</h3><p>╫º╫ץ╫ף╫¥ ╫¢╫£, ╫¬╫á╫⌐╫₧╫ץ. ╫נ╫£ ╫¬╫£╫ק╫ª╫ץ ╫ó╫£ ╫פ╫ע╫צ ╫ס╫ר╫ש╫¿╫ץ╫ú, ╫¢╫ש ╫פ╫í╫ש╫ס╫ץ╫ס ╫⌐╫£ ╫פ╫ע╫£╫ע╫£╫ש╫¥ ╫¿╫º ╫ש╫ק╫ñ╫ץ╫¿ ╫ס╫ץ╫¿ ╫ó╫₧╫ץ╫º ╫ש╫ץ╫¬╫¿ ╫₧╫í╫ס╫ש╫ס ╫£╫ª╫₧╫ש╫ע╫ש╫¥. ╫פ╫á╫פ ╫₧╫פ ╫⌐╫נ╫¬╫¥ ╫ª╫¿╫ש╫¢╫ש╫¥ ╫£╫ó╫⌐╫ץ╫¬:</p><ul><li><strong>╫ס╫ף╫º╫ץ ╫נ╫¬ ╫פ╫£╫ק╫Ñ:</strong> ╫£╫ó╫ש╫¬╫ש╫¥, ╫פ╫ץ╫¿╫ף╫¬ ╫£╫ק╫Ñ ╫נ╫ץ╫ץ╫ש╫¿ ╫º╫£╫פ ╫ס╫ª╫₧╫ש╫ע╫ש╫¥ ╫ש╫¢╫ץ╫£╫פ ╫£╫פ╫ע╫ף╫ש╫£ ╫נ╫¬ ╫⌐╫ר╫ק ╫פ╫₧╫ע╫ó ╫ץ╫£╫ó╫צ╫ץ╫¿ ╫£╫¿╫¢╫ס ╫£╫ª╫נ╫¬ ╫₧╫פ╫ס╫ץ╫Ñ.</li><li><strong>╫á╫ש╫º╫ץ╫ש ╫₧╫í╫£╫ץ╫£:</strong> ╫נ╫¥ ╫ש╫⌐ ╫£╫¢╫¥ ╫נ╫ñ╫⌐╫¿╫ץ╫¬, ╫ñ╫á╫ץ ╫ס╫ó╫צ╫¿╫¬ ╫נ╫¬ ╫ק╫ñ╫ש╫¿╫פ ╫נ╫ץ ╫נ╫ñ╫ש╫£╫ץ ╫ó╫¥ ╫פ╫ש╫ף╫ש╫ש╫¥ ╫נ╫¬ ╫פ╫ס╫ץ╫Ñ ╫⌐╫פ╫ª╫ר╫ס╫¿ ╫£╫ñ╫á╫ש ╫ץ╫ס╫í╫₧╫ץ╫ת ╫£╫ע╫£╫ע╫£╫ש╫¥ ╫פ╫₧╫á╫ש╫ó╫ש╫¥.</li><li><strong>╫⌐╫ש╫₧╫ץ╫⌐ ╫ס╫º╫¿╫⌐╫ש╫¥ ╫נ╫ץ ╫ó╫á╫ñ╫ש╫¥:</strong> ╫פ╫á╫ש╫ק╫ץ ╫₧╫⌐╫ר╫ק ╫ש╫ª╫ש╫ס (╫º╫¿╫⌐╫ש╫¥, ╫ó╫á╫ñ╫ש╫¥ ╫ש╫ס╫⌐╫ש╫¥ ╫נ╫ץ ╫₧╫ק╫ª╫£╫¬) ╫₧╫¬╫ק╫¬ ╫£╫ע╫£╫ע╫£╫ש╫¥ ╫¢╫ף╫ש ╫£╫¬╫¬ ╫£╫פ╫¥ ╫נ╫ק╫ש╫צ╫פ ╫⌐╫¬╫ó╫צ╫ץ╫¿ ╫£╫¿╫¢╫ס \"╫£╫ר╫ñ╫í\" ╫פ╫ק╫ץ╫ª╫פ.</li></ul><h3>╫₧╫¬╫ש ╫£╫פ╫¿╫ש╫¥ ╫ש╫ף╫ש╫ש╫¥ ╫ץ╫£╫פ╫צ╫₧╫ש╫ƒ ╫ע╫¿╫¿?</h3><p>╫נ╫¥ ╫á╫ש╫í╫ש╫¬╫¥ ╫נ╫¬ ╫פ╫ñ╫ó╫ץ╫£╫ץ╫¬ ╫פ╫נ╫£╫ץ ╫ץ╫פ╫¿╫¢╫ס ╫£╫נ ╫צ╫צ, ╫נ╫ץ ╫⌐╫נ╫¬╫¥ ╫₧╫¿╫ע╫ש╫⌐╫ש╫¥ ╫⌐╫פ╫¿╫¢╫ס ╫⌐╫ץ╫º╫ó ╫ó╫₧╫ץ╫º ╫₧╫ף╫ש Γאף ╫ó╫ª╫¿╫ץ. ╫á╫ש╫í╫ש╫ץ╫á╫ץ╫¬ ╫ק╫ש╫£╫ץ╫Ñ ╫נ╫ע╫¿╫í╫ש╫ס╫ש╫ש╫¥ ╫ó╫£╫ץ╫£╫ש╫¥ ╫£╫פ╫ץ╫ס╫ש╫£ ╫£╫á╫צ╫º ╫£╫₧╫ó╫¿╫¢╫¬ ╫פ╫פ╫á╫ó╫פ ╫נ╫ץ ╫£╫ñ╫ע╫ש╫ó╫פ ╫ס╫¬╫ק╫¬╫ש╫¬ ╫פ╫¿╫¢╫ס. ╫ס╫ע╫¿╫¿ ╫₧╫ñ╫¿╫Ñ ╫נ╫º╫í╫ñ╫¿╫í, ╫נ╫á╫ק╫á╫ץ ╫₧╫¬╫₧╫ק╫ש╫¥ ╫ס╫ק╫ש╫£╫ץ╫ª╫ש 4x4 ╫ץ╫⌐╫ר╫ק ╫ס╫נ╫צ╫ץ╫¿ ╫ק╫ש╫ñ╫פ ╫ץ╫פ╫¢╫¿╫₧╫£. ╫ש╫⌐ ╫£╫á╫ץ ╫נ╫¬ ╫פ╫ª╫ש╫ץ╫ף ╫פ╫₧╫¬╫נ╫ש╫¥ ╫¢╫ף╫ש ╫£╫ק╫£╫Ñ ╫נ╫¬╫¢╫¥ ╫ס╫ס╫ר╫ק╫פ, ╫₧╫ס╫£╫ש ╫£╫ע╫¿╫ץ╫¥ ╫á╫צ╫º ╫á╫ץ╫í╫ú ╫£╫¿╫¢╫ס ╫פ╫ש╫º╫¿ ╫⌐╫£╫¢╫¥.</p><p>╫צ╫º╫ץ╫º╫ש╫¥ ╫£╫ó╫צ╫¿╫פ ╫ס╫í╫ר╫£╫פ ╫₧╫נ╫¿╫ש╫í, ╫ס╫ש╫ó╫¿╫ץ╫¬ ╫פ╫¢╫¿╫₧╫£ ╫נ╫ץ ╫ס╫ק╫ץ╫ú ╫º╫¿╫ש╫¬ ╫ק╫ש╫ש╫¥? ╫נ╫á╫ק╫á╫ץ ╫¢╫נ╫ƒ ╫צ╫₧╫ש╫á╫ש╫¥ ╫ó╫ס╫ץ╫¿╫¢╫¥ 24/7. ╫נ╫£ ╫¬╫í╫¬╫¢╫á╫ץ, ╫¬╫á╫ץ ╫£╫₧╫º╫ª╫ץ╫ó╫á╫ש╫¥ ╫£╫פ╫ק╫צ╫ש╫¿ ╫נ╫¬╫¢╫¥ ╫£╫¢╫ס╫ש╫⌐ ╫ס╫¿╫נ╫⌐ ╫⌐╫º╫ר.</p>"
 365 | ,-> =======
 366 | `->     "content": "<h2>╫á╫¬╫º╫ó╫¬╫¥ ╫ס╫ס╫ץ╫Ñ? ╫נ╫£ ╫¬╫£╫ק╫ª╫ץ ╫ó╫£ ╫פ╫ע╫צ!</h2><p>╫פ╫¢╫¿╫₧╫£ ╫₧╫ª╫ש╫ó ╫₧╫í╫£╫ץ╫£╫ש ╫⌐╫ר╫ק ╫₧╫¿╫פ╫ש╫ס╫ש╫¥, ╫נ╫ס╫£ ╫פ╫ס╫ץ╫Ñ ╫פ╫ק╫ש╫ñ╫נ╫ש ╫ש╫¢╫ץ╫£ ╫£╫פ╫ñ╫¬╫ש╫ó ╫ע╫¥ ╫נ╫¬ ╫פ╫á╫פ╫ע╫ש╫¥ ╫פ╫₧╫á╫ץ╫í╫ש╫¥ ╫ס╫ש╫ץ╫¬╫¿. ╫נ╫¥ ╫₧╫ª╫נ╫¬╫¥ ╫נ╫¬ ╫ó╫ª╫₧╫¢╫¥ ╫⌐╫º╫ץ╫ó╫ש╫¥ ╫ס╫ס╫ץ╫Ñ ╫ó╫₧╫ץ╫º ╫ס╫נ╫צ╫ץ╫¿ ╫ף╫á╫ש╫פ ╫נ╫ץ ╫ס╫ש╫ó╫¿╫ץ╫¬ ╫פ╫¢╫¿╫₧╫£, ╫פ╫á╫פ ╫₧╫פ ╫⌐╫ª╫¿╫ש╫ת ╫£╫ó╫⌐╫ץ╫¬ ╫¢╫ף╫ש ╫£╫פ╫ש╫₧╫á╫ó ╫₧╫á╫צ╫º ╫₧╫ש╫ץ╫¬╫¿.</p><h3>╫₧╫פ ╫פ╫ף╫ס╫¿ ╫פ╫¿╫נ╫⌐╫ץ╫ƒ ╫£╫ó╫⌐╫ץ╫¬?</h3><p>╫º╫ץ╫ף╫¥ ╫¢╫£, ╫ó╫ª╫¿╫ץ. ╫פ╫á╫ר╫ש╫ש╫פ ╫פ╫ר╫ס╫ó╫ש╫¬ ╫פ╫ש╫נ ╫£╫£╫ק╫ץ╫Ñ ╫ó╫£ ╫פ╫ע╫צ ╫ס╫¢╫£ ╫פ╫¢╫ץ╫ק ╫¢╫ף╫ש ╫£╫ª╫נ╫¬, ╫נ╫ס╫£ ╫צ╫פ ╫¿╫º ╫ע╫ץ╫¿╫¥ ╫£╫ע╫£╫ע╫£╫ש╫¥ ╫£╫ק╫ñ╫ץ╫¿ ╫ó╫₧╫ץ╫º ╫ש╫ץ╫¬╫¿ ╫ץ╫ó╫£╫ץ╫£ ╫£╫פ╫ץ╫ס╫ש╫£ ╫£╫⌐╫ס╫ש╫¿╫¬ ╫ª╫ש╫¿╫ש╫פ ╫נ╫ץ ╫á╫צ╫º ╫£╫₧╫á╫ץ╫ó. ╫⌐╫ק╫¿╫¿╫ץ ╫נ╫¬ ╫פ╫¿╫ע╫£ ╫₧╫פ╫ף╫ץ╫ץ╫⌐╫פ ╫ץ╫פ╫ó╫¿╫ש╫¢╫ץ ╫נ╫¬ ╫פ╫₧╫ª╫ס.</p><h3>╫ר╫ש╫ñ╫ש╫¥ ╫£╫ק╫ש╫£╫ץ╫Ñ ╫ó╫ª╫₧╫ש ╫ס╫ר╫ץ╫ק</h3><p>1. <strong>╫פ╫ץ╫¿╫ש╫ף╫ץ ╫£╫ק╫Ñ ╫נ╫ץ╫ץ╫ש╫¿ ╫ס╫ª╫₧╫ש╫ע╫ש╫¥:</strong> ╫£╫ó╫ש╫¬╫ש╫¥, ╫פ╫ץ╫¿╫ף╫¬ ╫£╫ק╫Ñ ╫נ╫ץ╫ץ╫ש╫¿ ╫º╫£╫פ ╫₧╫ע╫ף╫ש╫£╫פ ╫נ╫¬ ╫⌐╫ר╫ק ╫פ╫₧╫ע╫ó ╫⌐╫£ ╫פ╫ª╫₧╫ש╫ע ╫ץ╫ó╫ץ╫צ╫¿╫¬ ╫£╫ץ \"╫£╫ª╫ץ╫ú\" ╫ó╫£ ╫פ╫ס╫ץ╫Ñ.</p><p>2. <strong>╫ש╫ª╫ש╫¿╫¬ ╫ק╫ש╫¢╫ץ╫ת:</strong> ╫פ╫á╫ש╫ק╫ץ ╫ó╫á╫ñ╫ש╫¥ ╫ש╫ס╫⌐╫ש╫¥, ╫נ╫ס╫á╫ש╫¥ ╫⌐╫ר╫ץ╫ק╫ץ╫¬ ╫נ╫ץ ╫⌐╫ר╫ש╫ק╫ץ╫á╫ש ╫פ╫¿╫¢╫ס ╫₧╫¬╫ק╫¬ ╫£╫ע╫£╫ע╫£╫ש╫¥ ╫פ╫₧╫á╫ש╫ó╫ש╫¥. ╫צ╫פ ╫ó╫⌐╫ץ╫ש ╫£╫¬╫¬ ╫נ╫¬ ╫פ'╫נ╫ק╫ש╫צ╫פ' ╫פ╫º╫ר╫á╫פ ╫⌐╫ק╫í╫¿╫פ ╫£╫¢╫¥.</p><p>3. <strong>╫ף╫ó╫ץ ╫₧╫¬╫ש ╫£╫ס╫º╫⌐ ╫ó╫צ╫¿╫פ:</strong> ╫נ╫¥ ╫פ╫¿╫¢╫ס ╫⌐╫º╫ץ╫ó ╫ó╫£ ╫פ╫ע╫ק╫ץ╫ƒ, ╫נ╫£ ╫¬╫í╫¬╫¢╫á╫ץ. ╫á╫ש╫í╫ש╫ץ╫á╫ץ╫¬ ╫ק╫ש╫£╫ץ╫Ñ ╫£╫נ ╫₧╫º╫ª╫ץ╫ó╫ש╫ש╫¥ ╫ó╫£╫ץ╫£╫ש╫¥ ╫£╫פ╫í╫¬╫ש╫ש╫¥ ╫ס╫á╫צ╫º ╫¢╫ס╫ף ╫£╫¿╫¢╫ס ╫נ╫ץ ╫ק╫£╫ש╫£╫פ ╫ס╫ñ╫ª╫ש╫ó╫פ. ╫ª╫ץ╫ץ╫¬ '╫ע╫¿╫¿ ╫₧╫ñ╫¿╫Ñ ╫נ╫º╫í╫ñ╫¿╫í' ╫₧╫¬╫₧╫ק╫פ ╫ס╫ק╫ש╫£╫ץ╫ª╫ש ╫⌐╫ר╫ק ╫ס╫¬╫ץ╫ץ╫נ╫ש ╫₧╫ץ╫¿╫¢╫ס ╫ץ╫₧╫ע╫ש╫ó ╫₧╫ª╫ץ╫ש╫ף ╫ס╫¢╫£ ╫פ╫ª╫ש╫ץ╫ף ╫פ╫ף╫¿╫ץ╫⌐ ╫£╫ק╫ש╫£╫ץ╫Ñ ╫ó╫ף╫ש╫ƒ ╫ץ╫₧╫º╫ª╫ץ╫ó╫ש.</p><h3>╫£╫₧╫פ ╫נ╫á╫ק╫á╫ץ?</h3><p>╫נ╫á╫ק╫á╫ץ ╫₧╫¢╫ש╫¿╫ש╫¥ ╫¢╫£ ╫⌐╫ס╫ש╫£ ╫ס╫ק╫ש╫ñ╫פ ╫ץ╫ס╫º╫¿╫ש╫ץ╫¬. ╫ס╫ש╫ƒ ╫נ╫¥ ╫á╫¬╫º╫ó╫¬╫¥ ╫ס╫ק╫ץ╫ú ╫ס╫º╫¿╫ש╫ש╫¬ ╫ק╫ש╫ש╫¥ ╫נ╫ץ ╫ס╫ס╫ץ╫Ñ ╫פ╫ó╫₧╫ץ╫º ╫⌐╫£ ╫פ╫¢╫¿╫₧╫£, ╫נ╫á╫ק╫á╫ץ ╫צ╫₧╫ש╫á╫ש╫¥ 24/7 ╫¢╫ף╫ש ╫£╫פ╫ץ╫ª╫ש╫נ ╫נ╫¬╫¢╫¥ ╫₧╫פ╫ס╫ץ╫Ñ ╫ס╫ס╫ר╫ק╫פ ╫ץ╫ס╫₧╫ק╫ש╫¿ ╫פ╫ץ╫ע╫ƒ. ╫נ╫£ ╫¬╫¬╫á╫ץ ╫£╫ס╫ץ╫Ñ ╫£╫פ╫¿╫ץ╫í ╫£╫¢╫¥ ╫נ╫¬ ╫פ╫ש╫ץ╫¥ Γאף ╫נ╫á╫ק╫á╫ץ ╫ס╫ף╫¿╫ת ╫נ╫£╫ש╫¢╫¥.</p>"
 367 |     }
 368 |     ,
 368 |     {
     `----

Caused by:
    Syntax Error

Import trace for requested module:
./src/lib/guides.ts
./src/app/sitemap.ts
./node_modules/next/dist/build/webpack/loaders/next-metadata-route-loader.js?page=%2Fsitemap.xml%2Froute&filePath=C%3A%5CUsers%5Cdalia-stein%5CDesktop%5CGRAR%5Csrc%5Capp%5Csitemap.ts&isDynamic=1!?__next_metadata_route__

./src/lib/guides.ts
Error: 
  x Merge conflict marker encountered.
     ,-[C:\Users\dalia-stein\Desktop\GRAR\src\lib\guides.ts:347:1]
 347 |     }
 348 |     ,
 349 |     {
 350 | <<<<<<< HEAD
     : ^^^^^^^
 351 |         "slug": "stuck-in-mud-4x4-recovery-tips",
 352 |         "title": "╫á╫¬╫º╫ó╫¬╫¥ ╫ס╫ס╫ץ╫Ñ ╫ס╫ק╫ש╫ñ╫פ ╫נ╫ץ ╫ס╫¢╫¿╫₧╫£? 3 ╫ñ╫ó╫ץ╫£╫ץ╫¬ ╫⌐╫ש╫ª╫ש╫£╫ץ ╫נ╫¬╫¢╫¥",
 352 |         "description": "╫á╫¬╫º╫ó╫¬╫¥ ╫ó╫¥ ╫¿╫¢╫ס ╫פ-4x4 ╫ס╫ס╫ץ╫Ñ ╫⌐╫£ ╫פ╫¢╫¿╫₧╫£ ╫נ╫ץ ╫ס╫ק╫ץ╫ú ╫פ╫º╫¿╫ש╫ץ╫¬? ╫₧╫ף╫¿╫ש╫ת ╫º╫ª╫¿ ╫₧╫פ ╫£╫ó╫⌐╫ץ╫¬ ╫¿╫ע╫ó ╫£╫ñ╫á╫ש ╫⌐╫נ╫¬╫¥ ╫₧╫צ╫₧╫ש╫á╫ש╫¥ ╫ע╫¿╫¿ ╫₧╫º╫ª╫ץ╫ó╫ש.",
     `----

  x Merge conflict marker encountered.
     ,-[C:\Users\dalia-stein\Desktop\GRAR\src\lib\guides.ts:351:1]
 351 |         "slug": "stuck-in-mud-4x4-recovery-tips",
 352 |         "title": "╫á╫¬╫º╫ó╫¬╫¥ ╫ס╫ס╫ץ╫Ñ ╫ס╫ק╫ש╫ñ╫פ ╫נ╫ץ ╫ס╫¢╫¿╫₧╫£? 3 ╫ñ╫ó╫ץ╫£╫ץ╫¬ ╫⌐╫ש╫ª╫ש╫£╫ץ ╫נ╫¬╫¢╫¥",
 353 |         "description": "╫á╫¬╫º╫ó╫¬╫¥ ╫ó╫¥ ╫¿╫¢╫ס ╫פ-4x4 ╫ס╫ס╫ץ╫Ñ ╫⌐╫£ ╫פ╫¢╫¿╫₧╫£ ╫נ╫ץ ╫ס╫ק╫ץ╫ú ╫פ╫º╫¿╫ש╫ץ╫¬? ╫₧╫ף╫¿╫ש╫ת ╫º╫ª╫¿ ╫₧╫פ ╫£╫ó╫⌐╫ץ╫¬ ╫¿╫ע╫ó ╫£╫ñ╫á╫ש ╫⌐╫נ╫¬╫¥ ╫₧╫צ╫₧╫ש╫á╫ש╫¥ ╫ע╫¿╫¿ ╫₧╫º╫ª╫ץ╫ó╫ש.",
 354 | =======
     : ^^^^^^^
 355 |     "slug": "stuck-in-mud-carmel-forest-tips",
 356 |     "title": "╫á╫¬╫º╫ó╫¬╫¥ ╫ס╫ס╫ץ╫Ñ ╫ס╫¢╫¿╫₧╫£? 3 ╫ף╫ס╫¿╫ש╫¥ ╫⌐╫ק╫⌐╫ץ╫ס ╫£╫ó╫⌐╫ץ╫¬ (╫ץ╫£╫נ ╫£╫ó╫⌐╫ץ╫¬!)",
 356 |     "description": "╫á╫¬╫º╫ó╫¬╫¥ ╫ó╫¥ ╫פ╫¿╫¢╫ס 4x4 ╫ס╫ס╫ץ╫Ñ ╫⌐╫£ ╫ש╫ó╫¿╫ץ╫¬ ╫פ╫¢╫¿╫₧╫£? ╫נ╫£ ╫¬╫ש╫¢╫á╫í╫ץ ╫£╫£╫ק╫Ñ. ╫º╫¿╫נ╫ץ ╫נ╫¬ ╫פ╫₧╫ף╫¿╫ש╫ת ╫פ╫₧╫פ╫ש╫¿ ╫⌐╫£╫á╫ץ ╫£╫ק╫ש╫£╫ץ╫Ñ ╫ס╫ר╫ץ╫ק ╫ץ╫⌐╫₧╫ש╫¿╫פ ╫ó╫£ ╫פ╫¿╫¢╫ס ╫⌐╫£╫¢╫¥.",
     `----

  x Merge conflict marker encountered.
     ,-[C:\Users\dalia-stein\Desktop\GRAR\src\lib\guides.ts:355:1]
 355 |     "slug": "stuck-in-mud-carmel-forest-tips",
 356 |     "title": "╫á╫¬╫º╫ó╫¬╫¥ ╫ס╫ס╫ץ╫Ñ ╫ס╫¢╫¿╫₧╫£? 3 ╫ף╫ס╫¿╫ש╫¥ ╫⌐╫ק╫⌐╫ץ╫ס ╫£╫ó╫⌐╫ץ╫¬ (╫ץ╫£╫נ ╫£╫ó╫⌐╫ץ╫¬!)",
 357 |     "description": "╫á╫¬╫º╫ó╫¬╫¥ ╫ó╫¥ ╫פ╫¿╫¢╫ס 4x4 ╫ס╫ס╫ץ╫Ñ ╫⌐╫£ ╫ש╫ó╫¿╫ץ╫¬ ╫פ╫¢╫¿╫₧╫£? ╫נ╫£ ╫¬╫ש╫¢╫á╫í╫ץ ╫£╫£╫ק╫Ñ. ╫º╫¿╫נ╫ץ ╫נ╫¬ ╫פ╫₧╫ף╫¿╫ש╫ת ╫פ╫₧╫פ╫ש╫¿ ╫⌐╫£╫á╫ץ ╫£╫ק╫ש╫£╫ץ╫Ñ ╫ס╫ר╫ץ╫ק ╫ץ╫⌐╫₧╫ש╫¿╫פ ╫ó╫£ ╫פ╫¿╫¢╫ס ╫⌐╫£╫¢╫¥.",
 358 | >>>>>>> 25565bc20dc20c72b61697131f453cc5da328392
     : ^^^^^^^
 359 |         "category": "╫ר╫ש╫ñ╫ש╫¥ ╫£╫á╫פ╫ע╫ש╫¥",
 360 |         "publishDate": "2026-03-13",
 360 |         "readTime": "3 ╫ף╫º╫ץ╫¬",
     `----

  x Merge conflict marker encountered.
     ,-[C:\Users\dalia-stein\Desktop\GRAR\src\lib\guides.ts:360:1]
 360 |         "publishDate": "2026-03-13",
 361 |         "readTime": "3 ╫ף╫º╫ץ╫¬",
 362 |         "author": "╫פ╫₧╫ץ╫í╫¢╫á╫ש╫º ╫פ╫ץ╫ש╫¿╫ר╫ץ╫נ╫£╫ש - ╫ע╫¿╫¿ ╫ק╫ש╫ñ╫פ",
 363 | <<<<<<< HEAD
     : ^^^^^^^
 364 |         "content": "<h2>╫á╫¬╫º╫ó╫¬╫¥ ╫ס╫ס╫ץ╫Ñ? ╫נ╫£ ╫¬╫ש╫¢╫á╫í╫ץ ╫£╫£╫ק╫Ñ!</h2><p>╫¢╫ץ╫£╫á╫ץ ╫נ╫ץ╫פ╫ס╫ש╫¥ ╫נ╫¬ ╫פ╫⌐╫ס╫ש╫£╫ש╫¥ ╫⌐╫£ ╫פ╫¢╫¿╫₧╫£ ╫נ╫ץ ╫נ╫¬ ╫פ╫ק╫ץ╫ñ╫ש╫¥ ╫⌐╫£ ╫פ╫º╫¿╫ש╫ץ╫¬, ╫נ╫ס╫£ ╫£╫ñ╫ó╫₧╫ש╫¥ ╫פ╫¿╫¢╫ס ╫פ-4x4 ╫⌐╫£╫¢╫¥ ╫₧╫ץ╫ª╫נ ╫נ╫¬ ╫ó╫ª╫₧╫ץ ╫ó╫₧╫ץ╫º ╫ס╫¬╫ץ╫ת ╫ס╫ץ╫Ñ ╫ר╫ץ╫ס╫ó╫á╫ש. ╫צ╫פ ╫º╫ץ╫¿╫פ ╫£╫ר╫ץ╫ס╫ש╫¥ ╫ס╫ש╫ץ╫¬╫¿, ╫ץ╫צ╫פ ╫ס╫פ╫ק╫£╫ר ╫£╫נ ╫á╫ó╫ש╫¥. ╫ס╫ע╫¿╫¿ ╫₧╫ñ╫¿╫Ñ ╫נ╫º╫í╫ñ╫¿╫í, ╫נ╫á╫ק╫á╫ץ ╫¿╫ץ╫נ╫ש╫¥ ╫נ╫¬ ╫צ╫פ ╫ש╫ץ╫¥-╫ש╫ץ╫¥ Γאף ╫á╫פ╫ע╫ש╫¥ ╫⌐╫₧╫á╫í╫ש╫¥ ╫£╫ª╫נ╫¬ ╫ס╫¢╫ץ╫ק ╫ץ╫¿╫º ╫ע╫ץ╫¿╫₧╫ש╫¥ ╫£╫¿╫¢╫ס ╫£╫⌐╫º╫ץ╫ó ╫ó╫₧╫ץ╫º ╫ש╫ץ╫¬╫¿.</p><h3>╫₧╫פ ╫£╫ó╫⌐╫ץ╫¬ ╫ס╫¿╫ע╫ó ╫פ╫¿╫נ╫⌐╫ץ╫ƒ?</h3><p>╫º╫ץ╫ף╫¥ ╫¢╫£, ╫¬╫á╫⌐╫₧╫ץ. ╫נ╫£ ╫¬╫£╫ק╫ª╫ץ ╫ó╫£ ╫פ╫ע╫צ ╫ס╫ר╫ש╫¿╫ץ╫ú, ╫¢╫ש ╫פ╫í╫ש╫ס╫ץ╫ס ╫⌐╫£ ╫פ╫ע╫£╫ע╫£╫ש╫¥ ╫¿╫º ╫ש╫ק╫ñ╫ץ╫¿ ╫ס╫ץ╫¿ ╫ó╫₧╫ץ╫º ╫ש╫ץ╫¬╫¿ ╫₧╫í╫ס╫ש╫ס ╫£╫ª╫₧╫ש╫ע╫ש╫¥. ╫פ╫á╫פ ╫₧╫פ ╫⌐╫נ╫¬╫¥ ╫ª╫¿╫ש╫¢╫ש╫¥ ╫£╫ó╫⌐╫ץ╫¬:</p><ul><li><strong>╫ס╫ף╫º╫ץ ╫נ╫¬ ╫פ╫£╫ק╫Ñ:</strong> ╫£╫ó╫ש╫¬╫ש╫¥, ╫פ╫ץ╫¿╫ף╫¬ ╫£╫ק╫Ñ ╫נ╫ץ╫ץ╫ש╫¿ ╫º╫£╫פ ╫ס╫ª╫₧╫ש╫ע╫ש╫¥ ╫ש╫¢╫ץ╫£╫פ ╫£╫פ╫ע╫ף╫ש╫£ ╫נ╫¬ ╫⌐╫ר╫ק ╫פ╫₧╫ע╫ó ╫ץ╫£╫ó╫צ╫ץ╫¿ ╫£╫¿╫¢╫ס ╫£╫ª╫נ╫¬ ╫₧╫פ╫ס╫ץ╫Ñ.</li><li><strong>╫á╫ש╫º╫ץ╫ש ╫₧╫í╫£╫ץ╫£:</strong> ╫נ╫¥ ╫ש╫⌐ ╫£╫¢╫¥ ╫נ╫ñ╫⌐╫¿╫ץ╫¬, ╫ñ╫á╫ץ ╫ס╫ó╫צ╫¿╫¬ ╫נ╫¬ ╫ק╫ñ╫ש╫¿╫פ ╫נ╫ץ ╫נ╫ñ╫ש╫£╫ץ ╫ó╫¥ ╫פ╫ש╫ף╫ש╫ש╫¥ ╫נ╫¬ ╫פ╫ס╫ץ╫Ñ ╫⌐╫פ╫ª╫ר╫ס╫¿ ╫£╫ñ╫á╫ש ╫ץ╫ס╫í╫₧╫ץ╫ת ╫£╫ע╫£╫ע╫£╫ש╫¥ ╫פ╫₧╫á╫ש╫ó╫ש╫¥.</li><li><strong>╫⌐╫ש╫₧╫ץ╫⌐ ╫ס╫º╫¿╫⌐╫ש╫¥ ╫נ╫ץ ╫ó╫á╫ñ╫ש╫¥:</strong> ╫פ╫á╫ש╫ק╫ץ ╫₧╫⌐╫ר╫ק ╫ש╫ª╫ש╫ס (╫º╫¿╫⌐╫ש╫¥, ╫ó╫á╫ñ╫ש╫¥ ╫ש╫ס╫⌐╫ש╫¥ ╫נ╫ץ ╫₧╫ק╫ª╫£╫¬) ╫₧╫¬╫ק╫¬ ╫£╫ע╫£╫ע╫£╫ש╫¥ ╫¢╫ף╫ש ╫£╫¬╫¬ ╫£╫פ╫¥ ╫נ╫ק╫ש╫צ╫פ ╫⌐╫¬╫ó╫צ╫ץ╫¿ ╫£╫¿╫¢╫ס \"╫£╫ר╫ñ╫í\" ╫פ╫ק╫ץ╫ª╫פ.</li></ul><h3>╫₧╫¬╫ש ╫£╫פ╫¿╫ש╫¥ ╫ש╫ף╫ש╫ש╫¥ ╫ץ╫£╫פ╫צ╫₧╫ש╫ƒ ╫ע╫¿╫¿?</h3><p>╫נ╫¥ ╫á╫ש╫í╫ש╫¬╫¥ ╫נ╫¬ ╫פ╫ñ╫ó╫ץ╫£╫ץ╫¬ ╫פ╫נ╫£╫ץ ╫ץ╫פ╫¿╫¢╫ס ╫£╫נ ╫צ╫צ, ╫נ╫ץ ╫⌐╫נ╫¬╫¥ ╫₧╫¿╫ע╫ש╫⌐╫ש╫¥ ╫⌐╫פ╫¿╫¢╫ס ╫⌐╫ץ╫º╫ó ╫ó╫₧╫ץ╫º ╫₧╫ף╫ש Γאף ╫ó╫ª╫¿╫ץ. ╫á╫ש╫í╫ש╫ץ╫á╫ץ╫¬ ╫ק╫ש╫£╫ץ╫Ñ ╫נ╫ע╫¿╫í╫ש╫ס╫ש╫ש╫¥ ╫ó╫£╫ץ╫£╫ש╫¥ ╫£╫פ╫ץ╫ס╫ש╫£ ╫£╫á╫צ╫º ╫£╫₧╫ó╫¿╫¢╫¬ ╫פ╫פ╫á╫ó╫פ ╫נ╫ץ ╫£╫ñ╫ע╫ש╫ó╫פ ╫ס╫¬╫ק╫¬╫ש╫¬ ╫פ╫¿╫¢╫ס. ╫ס╫ע╫¿╫¿ ╫₧╫ñ╫¿╫Ñ ╫נ╫º╫í╫ñ╫¿╫í, ╫נ╫á╫ק╫á╫ץ ╫₧╫¬╫₧╫ק╫ש╫¥ ╫ס╫ק╫ש╫£╫ץ╫ª╫ש 4x4 ╫ץ╫⌐╫ר╫ק ╫ס╫נ╫צ╫ץ╫¿ ╫ק╫ש╫ñ╫פ ╫ץ╫פ╫¢╫¿╫₧╫£. ╫ש╫⌐ ╫£╫á╫ץ ╫נ╫¬ ╫פ╫ª╫ש╫ץ╫ף ╫פ╫₧╫¬╫נ╫ש╫¥ ╫¢╫ף╫ש ╫£╫ק╫£╫Ñ ╫נ╫¬╫¢╫¥ ╫ס╫ס╫ר╫ק╫פ, ╫₧╫ס╫£╫ש ╫£╫ע╫¿╫ץ╫¥ ╫á╫צ╫º ╫á╫ץ╫í╫ú ╫£╫¿╫¢╫ס ╫פ╫ש╫º╫¿ ╫⌐╫£╫¢╫¥.</p><p>╫צ╫º╫ץ╫º╫ש╫¥ ╫£╫ó╫צ╫¿╫פ ╫ס╫í╫ר╫£╫פ ╫₧╫נ╫¿╫ש╫í, ╫ס╫ש╫ó╫¿╫ץ╫¬ ╫פ╫¢╫¿╫₧╫£ ╫נ╫ץ ╫ס╫ק╫ץ╫ú ╫º╫¿╫ש╫¬ ╫ק╫ש╫ש╫¥? ╫נ╫á╫ק╫á╫ץ ╫¢╫נ╫ƒ ╫צ╫₧╫ש╫á╫ש╫¥ ╫ó╫ס╫ץ╫¿╫¢╫¥ 24/7. ╫נ╫£ ╫¬╫í╫¬╫¢╫á╫ץ, ╫¬╫á╫ץ ╫£╫₧╫º╫ª╫ץ╫ó╫á╫ש╫¥ ╫£╫פ╫ק╫צ╫ש╫¿ ╫נ╫¬╫¢╫¥ ╫£╫¢╫ס╫ש╫⌐ ╫ס╫¿╫נ╫⌐ ╫⌐╫º╫ר.</p>"
 365 | =======
 365 |     "content": "<h2>╫á╫¬╫º╫ó╫¬╫¥ ╫ס╫ס╫ץ╫Ñ? ╫נ╫£ ╫¬╫£╫ק╫ª╫ץ ╫ó╫£ ╫פ╫ע╫צ!</h2><p>╫פ╫¢╫¿╫₧╫£ ╫₧╫ª╫ש╫ó ╫₧╫í╫£╫ץ╫£╫ש ╫⌐╫ר╫ק ╫₧╫¿╫פ╫ש╫ס╫ש╫¥, ╫נ╫ס╫£ ╫פ╫ס╫ץ╫Ñ ╫פ╫ק╫ש╫ñ╫נ╫ש ╫ש╫¢╫ץ╫£ ╫£╫פ╫ñ╫¬╫ש╫ó ╫ע╫¥ ╫נ╫¬ ╫פ╫á╫פ╫ע╫ש╫¥ ╫פ╫₧╫á╫ץ╫í╫ש╫¥ ╫ס╫ש╫ץ╫¬╫¿. ╫נ╫¥ ╫₧╫ª╫נ╫¬╫¥ ╫נ╫¬ ╫ó╫ª╫₧╫¢╫¥ ╫⌐╫º╫ץ╫ó╫ש╫¥ ╫ס╫ס╫ץ╫Ñ ╫ó╫₧╫ץ╫º ╫ס╫נ╫צ╫ץ╫¿ ╫ף╫á╫ש╫פ ╫נ╫ץ ╫ס╫ש╫ó╫¿╫ץ╫¬ ╫פ╫¢╫¿╫₧╫£, ╫פ╫á╫פ ╫₧╫פ ╫⌐╫ª╫¿╫ש╫ת ╫£╫ó╫⌐╫ץ╫¬ ╫¢╫ף╫ש ╫£╫פ╫ש╫₧╫á╫ó ╫₧╫á╫צ╫º ╫₧╫ש╫ץ╫¬╫¿.</p><h3>╫₧╫פ ╫פ╫ף╫ס╫¿ ╫פ╫¿╫נ╫⌐╫ץ╫ƒ ╫£╫ó╫⌐╫ץ╫¬?</h3><p>╫º╫ץ╫ף╫¥ ╫¢╫£, ╫ó╫ª╫¿╫ץ. ╫פ╫á╫ר╫ש╫ש╫פ ╫פ╫ר╫ס╫ó╫ש╫¬ ╫פ╫ש╫נ ╫£╫£╫ק╫ץ╫Ñ ╫ó╫£ ╫פ╫ע╫צ ╫ס╫¢╫£ ╫פ╫¢╫ץ╫ק ╫¢╫ף╫ש ╫£╫ª╫נ╫¬, ╫נ╫ס╫£ ╫צ╫פ ╫¿╫º ╫ע╫ץ╫¿╫¥ ╫£╫ע╫£╫ע╫£╫ש╫¥ ╫£╫ק╫ñ╫ץ╫¿ ╫ó╫₧╫ץ╫º ╫ש╫ץ╫¬╫¿ ╫ץ╫ó╫£╫ץ╫£ ╫£╫פ╫ץ╫ס╫ש╫£ ╫£╫⌐╫ס╫ש╫¿╫¬ ╫ª╫ש╫¿╫ש╫פ ╫נ╫ץ ╫á╫צ╫º ╫£╫₧╫á╫ץ╫ó. ╫⌐╫ק╫¿╫¿╫ץ ╫נ╫¬ ╫פ╫¿╫ע╫£ ╫₧╫פ╫ף╫ץ╫ץ╫⌐╫פ ╫ץ╫פ╫ó╫¿╫ש╫¢╫ץ ╫נ╫¬ ╫פ╫₧╫ª╫ס.</p><h3>╫ר╫ש╫ñ╫ש╫¥ ╫£╫ק╫ש╫£╫ץ╫Ñ ╫ó╫ª╫₧╫ש ╫ס╫ר╫ץ╫ק</h3><p>1. <strong>╫פ╫ץ╫¿╫ש╫ף╫ץ ╫£╫ק╫Ñ ╫נ╫ץ╫ץ╫ש╫¿ ╫ס╫ª╫₧╫ש╫ע╫ש╫¥:</strong> ╫£╫ó╫ש╫¬╫ש╫¥, ╫פ╫ץ╫¿╫ף╫¬ ╫£╫ק╫Ñ ╫נ╫ץ╫ץ╫ש╫¿ ╫º╫£╫פ ╫₧╫ע╫ף╫ש╫£╫פ ╫נ╫¬ ╫⌐╫ר╫ק ╫פ╫₧╫ע╫ó ╫⌐╫£ ╫פ╫ª╫₧╫ש╫ע ╫ץ╫ó╫ץ╫צ╫¿╫¬ ╫£╫ץ \"╫£╫ª╫ץ╫ú\" ╫ó╫£ ╫פ╫ס╫ץ╫Ñ.</p><p>2. <strong>╫ש╫ª╫ש╫¿╫¬ ╫ק╫ש╫¢╫ץ╫ת:</strong> ╫פ╫á╫ש╫ק╫ץ ╫ó╫á╫ñ╫ש╫¥ ╫ש╫ס╫⌐╫ש╫¥, ╫נ╫ס╫á╫ש╫¥ ╫⌐╫ר╫ץ╫ק╫ץ╫¬ ╫נ╫ץ ╫⌐╫ר╫ש╫ק╫ץ╫á╫ש ╫פ╫¿╫¢╫ס ╫₧╫¬╫ק╫¬ ╫£╫ע╫£╫ע╫£╫ש╫¥ ╫פ╫₧╫á╫ש╫ó╫ש╫¥. ╫צ╫פ ╫ó╫⌐╫ץ╫ש ╫£╫¬╫¬ ╫נ╫¬ ╫פ'╫נ╫ק╫ש╫צ╫פ' ╫פ╫º╫ר╫á╫פ ╫⌐╫ק╫í╫¿╫פ ╫£╫¢╫¥.</p><p>3. <strong>╫ף╫ó╫ץ ╫₧╫¬╫ש ╫£╫ס╫º╫⌐ ╫ó╫צ╫¿╫פ:</strong> ╫נ╫¥ ╫פ╫¿╫¢╫ס ╫⌐╫º╫ץ╫ó ╫ó╫£ ╫פ╫ע╫ק╫ץ╫ƒ, ╫נ╫£ ╫¬╫í╫¬╫¢╫á╫ץ. ╫á╫ש╫í╫ש╫ץ╫á╫ץ╫¬ ╫ק╫ש╫£╫ץ╫Ñ ╫£╫נ ╫₧╫º╫ª╫ץ╫ó╫ש╫ש╫¥ ╫ó╫£╫ץ╫£╫ש╫¥ ╫£╫פ╫í╫¬╫ש╫ש╫¥ ╫ס╫á╫צ╫º ╫¢╫ס╫ף ╫£╫¿╫¢╫ס ╫נ╫ץ ╫ק╫£╫ש╫£╫פ ╫ס╫ñ╫ª╫ש╫ó╫פ. ╫ª╫ץ╫ץ╫¬ '╫ע╫¿╫¿ ╫₧╫ñ╫¿╫Ñ ╫נ╫º╫í╫ñ╫¿╫í' ╫₧╫¬╫₧╫ק╫פ ╫ס╫ק╫ש╫£╫ץ╫ª╫ש ╫⌐╫ר╫ק ╫ס╫¬╫ץ╫ץ╫נ╫ש ╫₧╫ץ╫¿╫¢╫ס ╫ץ╫₧╫ע╫ש╫ó ╫₧╫ª╫ץ╫ש╫ף ╫ס╫¢╫£ ╫פ╫ª╫ש╫ץ╫ף ╫פ╫ף╫¿╫ץ╫⌐ ╫£╫ק╫ש╫£╫ץ╫Ñ ╫ó╫ף╫ש╫ƒ ╫ץ╫₧╫º╫ª╫ץ╫ó╫ש.</p><h3>╫£╫₧╫פ ╫נ╫á╫ק╫á╫ץ?</h3><p>╫נ╫á╫ק╫á╫ץ ╫₧╫¢╫ש╫¿╫ש╫¥ ╫¢╫£ ╫⌐╫ס╫ש╫£ ╫ס╫ק╫ש╫ñ╫פ ╫ץ╫ס╫º╫¿╫ש╫ץ╫¬. ╫ס╫ש╫ƒ ╫נ╫¥ ╫á╫¬╫º╫ó╫¬╫¥ ╫ס╫ק╫ץ╫ú ╫ס╫º╫¿╫ש╫ש╫¬ ╫ק╫ש╫ש╫¥ ╫נ╫ץ ╫ס╫ס╫ץ╫Ñ ╫פ╫ó╫₧╫ץ╫º ╫⌐╫£ ╫פ╫¢╫¿╫₧╫£, ╫נ╫á╫ק╫á╫ץ ╫צ╫₧╫ש╫á╫ש╫¥ 24/7 ╫¢╫ף╫ש ╫£╫פ╫ץ╫ª╫ש╫נ ╫נ╫¬╫¢╫¥ ╫₧╫פ╫ס╫ץ╫Ñ ╫ס╫ס╫ר╫ק╫פ ╫ץ╫ס╫₧╫ק╫ש╫¿ ╫פ╫ץ╫ע╫ƒ. ╫נ╫£ ╫¬╫¬╫á╫ץ ╫£╫ס╫ץ╫Ñ ╫£╫פ╫¿╫ץ╫í ╫£╫¢╫¥ ╫נ╫¬ ╫פ╫ש╫ץ╫¥ Γאף ╫נ╫á╫ק╫á╫ץ ╫ס╫ף╫¿╫ת ╫נ╫£╫ש╫¢╫¥.</p>"
     `----

  x Merge conflict marker encountered.
     ,-[C:\Users\dalia-stein\Desktop\GRAR\src\lib\guides.ts:362:1]
 362 |         "author": "╫פ╫₧╫ץ╫í╫¢╫á╫ש╫º ╫פ╫ץ╫ש╫¿╫ר╫ץ╫נ╫£╫ש - ╫ע╫¿╫¿ ╫ק╫ש╫ñ╫פ",
 363 | <<<<<<< HEAD
 364 |         "content": "<h2>╫á╫¬╫º╫ó╫¬╫¥ ╫ס╫ס╫ץ╫Ñ? ╫נ╫£ ╫¬╫ש╫¢╫á╫í╫ץ ╫£╫£╫ק╫Ñ!</h2><p>╫¢╫ץ╫£╫á╫ץ ╫נ╫ץ╫פ╫ס╫ש╫¥ ╫נ╫¬ ╫פ╫⌐╫ס╫ש╫£╫ש╫¥ ╫⌐╫£ ╫פ╫¢╫¿╫₧╫£ ╫נ╫ץ ╫נ╫¬ ╫פ╫ק╫ץ╫ñ╫ש╫¥ ╫⌐╫£ ╫פ╫º╫¿╫ש╫ץ╫¬, ╫נ╫ס╫£ ╫£╫ñ╫ó╫₧╫ש╫¥ ╫פ╫¿╫¢╫ס ╫פ-4x4 ╫⌐╫£╫¢╫¥ ╫₧╫ץ╫ª╫נ ╫נ╫¬ ╫ó╫ª╫₧╫ץ ╫ó╫₧╫ץ╫º ╫ס╫¬╫ץ╫ת ╫ס╫ץ╫Ñ ╫ר╫ץ╫ס╫ó╫á╫ש. ╫צ╫פ ╫º╫ץ╫¿╫פ ╫£╫ר╫ץ╫ס╫ש╫¥ ╫ס╫ש╫ץ╫¬╫¿, ╫ץ╫צ╫פ ╫ס╫פ╫ק╫£╫ר ╫£╫נ ╫á╫ó╫ש╫¥. ╫ס╫ע╫¿╫¿ ╫₧╫ñ╫¿╫Ñ ╫נ╫º╫í╫ñ╫¿╫í, ╫נ╫á╫ק╫á╫ץ ╫¿╫ץ╫נ╫ש╫¥ ╫נ╫¬ ╫צ╫פ ╫ש╫ץ╫¥-╫ש╫ץ╫¥ Γאף ╫á╫פ╫ע╫ש╫¥ ╫⌐╫₧╫á╫í╫ש╫¥ ╫£╫ª╫נ╫¬ ╫ס╫¢╫ץ╫ק ╫ץ╫¿╫º ╫ע╫ץ╫¿╫₧╫ש╫¥ ╫£╫¿╫¢╫ס ╫£╫⌐╫º╫ץ╫ó ╫ó╫₧╫ץ╫º ╫ש╫ץ╫¬╫¿.</p><h3>╫₧╫פ ╫£╫ó╫⌐╫ץ╫¬ ╫ס╫¿╫ע╫ó ╫פ╫¿╫נ╫⌐╫ץ╫ƒ?</h3><p>╫º╫ץ╫ף╫¥ ╫¢╫£, ╫¬╫á╫⌐╫₧╫ץ. ╫נ╫£ ╫¬╫£╫ק╫ª╫ץ ╫ó╫£ ╫פ╫ע╫צ ╫ס╫ר╫ש╫¿╫ץ╫ú, ╫¢╫ש ╫פ╫í╫ש╫ס╫ץ╫ס ╫⌐╫£ ╫פ╫ע╫£╫ע╫£╫ש╫¥ ╫¿╫º ╫ש╫ק╫ñ╫ץ╫¿ ╫ס╫ץ╫¿ ╫ó╫₧╫ץ╫º ╫ש╫ץ╫¬╫¿ ╫₧╫í╫ס╫ש╫ס ╫£╫ª╫₧╫ש╫ע╫ש╫¥. ╫פ╫á╫פ ╫₧╫פ ╫⌐╫נ╫¬╫¥ ╫ª╫¿╫ש╫¢╫ש╫¥ ╫£╫ó╫⌐╫ץ╫¬:</p><ul><li><strong>╫ס╫ף╫º╫ץ ╫נ╫¬ ╫פ╫£╫ק╫Ñ:</strong> ╫£╫ó╫ש╫¬╫ש╫¥, ╫פ╫ץ╫¿╫ף╫¬ ╫£╫ק╫Ñ ╫נ╫ץ╫ץ╫ש╫¿ ╫º╫£╫פ ╫ס╫ª╫₧╫ש╫ע╫ש╫¥ ╫ש╫¢╫ץ╫£╫פ ╫£╫פ╫ע╫ף╫ש╫£ ╫נ╫¬ ╫⌐╫ר╫ק ╫פ╫₧╫ע╫ó ╫ץ╫£╫ó╫צ╫ץ╫¿ ╫£╫¿╫¢╫ס ╫£╫ª╫נ╫¬ ╫₧╫פ╫ס╫ץ╫Ñ.</li><li><strong>╫á╫ש╫º╫ץ╫ש ╫₧╫í╫£╫ץ╫£:</strong> ╫נ╫¥ ╫ש╫⌐ ╫£╫¢╫¥ ╫נ╫ñ╫⌐╫¿╫ץ╫¬, ╫ñ╫á╫ץ ╫ס╫ó╫צ╫¿╫¬ ╫נ╫¬ ╫ק╫ñ╫ש╫¿╫פ ╫נ╫ץ ╫נ╫ñ╫ש╫£╫ץ ╫ó╫¥ ╫פ╫ש╫ף╫ש╫ש╫¥ ╫נ╫¬ ╫פ╫ס╫ץ╫Ñ ╫⌐╫פ╫ª╫ר╫ס╫¿ ╫£╫ñ╫á╫ש ╫ץ╫ס╫í╫₧╫ץ╫ת ╫£╫ע╫£╫ע╫£╫ש╫¥ ╫פ╫₧╫á╫ש╫ó╫ש╫¥.</li><li><strong>╫⌐╫ש╫₧╫ץ╫⌐ ╫ס╫º╫¿╫⌐╫ש╫¥ ╫נ╫ץ ╫ó╫á╫ñ╫ש╫¥:</strong> ╫פ╫á╫ש╫ק╫ץ ╫₧╫⌐╫ר╫ק ╫ש╫ª╫ש╫ס (╫º╫¿╫⌐╫ש╫¥, ╫ó╫á╫ñ╫ש╫¥ ╫ש╫ס╫⌐╫ש╫¥ ╫נ╫ץ ╫₧╫ק╫ª╫£╫¬) ╫₧╫¬╫ק╫¬ ╫£╫ע╫£╫ע╫£╫ש╫¥ ╫¢╫ף╫ש ╫£╫¬╫¬ ╫£╫פ╫¥ ╫נ╫ק╫ש╫צ╫פ ╫⌐╫¬╫ó╫צ╫ץ╫¿ ╫£╫¿╫¢╫ס \"╫£╫ר╫ñ╫í\" ╫פ╫ק╫ץ╫ª╫פ.</li></ul><h3>╫₧╫¬╫ש ╫£╫פ╫¿╫ש╫¥ ╫ש╫ף╫ש╫ש╫¥ ╫ץ╫£╫פ╫צ╫₧╫ש╫ƒ ╫ע╫¿╫¿?</h3><p>╫נ╫¥ ╫á╫ש╫í╫ש╫¬╫¥ ╫נ╫¬ ╫פ╫ñ╫ó╫ץ╫£╫ץ╫¬ ╫פ╫נ╫£╫ץ ╫ץ╫פ╫¿╫¢╫ס ╫£╫נ ╫צ╫צ, ╫נ╫ץ ╫⌐╫נ╫¬╫¥ ╫₧╫¿╫ע╫ש╫⌐╫ש╫¥ ╫⌐╫פ╫¿╫¢╫ס ╫⌐╫ץ╫º╫ó ╫ó╫₧╫ץ╫º ╫₧╫ף╫ש Γאף ╫ó╫ª╫¿╫ץ. ╫á╫ש╫í╫ש╫ץ╫á╫ץ╫¬ ╫ק╫ש╫£╫ץ╫Ñ ╫נ╫ע╫¿╫í╫ש╫ס╫ש╫ש╫¥ ╫ó╫£╫ץ╫£╫ש╫¥ ╫£╫פ╫ץ╫ס╫ש╫£ ╫£╫á╫צ╫º ╫£╫₧╫ó╫¿╫¢╫¬ ╫פ╫פ╫á╫ó╫פ ╫נ╫ץ ╫£╫ñ╫ע╫ש╫ó╫פ ╫ס╫¬╫ק╫¬╫ש╫¬ ╫פ╫¿╫¢╫ס. ╫ס╫ע╫¿╫¿ ╫₧╫ñ╫¿╫Ñ ╫נ╫º╫í╫ñ╫¿╫í, ╫נ╫á╫ק╫á╫ץ ╫₧╫¬╫₧╫ק╫ש╫¥ ╫ס╫ק╫ש╫£╫ץ╫ª╫ש 4x4 ╫ץ╫⌐╫ר╫ק ╫ס╫נ╫צ╫ץ╫¿ ╫ק╫ש╫ñ╫פ ╫ץ╫פ╫¢╫¿╫₧╫£. ╫ש╫⌐ ╫£╫á╫ץ ╫נ╫¬ ╫פ╫ª╫ש╫ץ╫ף ╫פ╫₧╫¬╫נ╫ש╫¥ ╫¢╫ף╫ש ╫£╫ק╫£╫Ñ ╫נ╫¬╫¢╫¥ ╫ס╫ס╫ר╫ק╫פ, ╫₧╫ס╫£╫ש ╫£╫ע╫¿╫ץ╫¥ ╫á╫צ╫º ╫á╫ץ╫í╫ú ╫£╫¿╫¢╫ס ╫פ╫ש╫º╫¿ ╫⌐╫£╫¢╫¥.</p><p>╫צ╫º╫ץ╫º╫ש╫¥ ╫£╫ó╫צ╫¿╫פ ╫ס╫í╫ר╫£╫פ ╫₧╫נ╫¿╫ש╫í, ╫ס╫ש╫ó╫¿╫ץ╫¬ ╫פ╫¢╫¿╫₧╫£ ╫נ╫ץ ╫ס╫ק╫ץ╫ú ╫º╫¿╫ש╫¬ ╫ק╫ש╫ש╫¥? ╫נ╫á╫ק╫á╫ץ ╫¢╫נ╫ƒ ╫צ╫₧╫ש╫á╫ש╫¥ ╫ó╫ס╫ץ╫¿╫¢╫¥ 24/7. ╫נ╫£ ╫¬╫í╫¬╫¢╫á╫ץ, ╫¬╫á╫ץ ╫£╫₧╫º╫ª╫ץ╫ó╫á╫ש╫¥ ╫£╫פ╫ק╫צ╫ש╫¿ ╫נ╫¬╫¢╫¥ ╫£╫¢╫ס╫ש╫⌐ ╫ס╫¿╫נ╫⌐ ╫⌐╫º╫ר.</p>"
 365 | =======
     : ^^^^^^^
 366 |     "content": "<h2>╫á╫¬╫º╫ó╫¬╫¥ ╫ס╫ס╫ץ╫Ñ? ╫נ╫£ ╫¬╫£╫ק╫ª╫ץ ╫ó╫£ ╫פ╫ע╫צ!</h2><p>╫פ╫¢╫¿╫₧╫£ ╫₧╫ª╫ש╫ó ╫₧╫í╫£╫ץ╫£╫ש ╫⌐╫ר╫ק ╫₧╫¿╫פ╫ש╫ס╫ש╫¥, ╫נ╫ס╫£ ╫פ╫ס╫ץ╫Ñ ╫פ╫ק╫ש╫ñ╫נ╫ש ╫ש╫¢╫ץ╫£ ╫£╫פ╫ñ╫¬╫ש╫ó ╫ע╫¥ ╫נ╫¬ ╫פ╫á╫פ╫ע╫ש╫¥ ╫פ╫₧╫á╫ץ╫í╫ש╫¥ ╫ס╫ש╫ץ╫¬╫¿. ╫נ╫¥ ╫₧╫ª╫נ╫¬╫¥ ╫נ╫¬ ╫ó╫ª╫₧╫¢╫¥ ╫⌐╫º╫ץ╫ó╫ש╫¥ ╫ס╫ס╫ץ╫Ñ ╫ó╫₧╫ץ╫º ╫ס╫נ╫צ╫ץ╫¿ ╫ף╫á╫ש╫פ ╫נ╫ץ ╫ס╫ש╫ó╫¿╫ץ╫¬ ╫פ╫¢╫¿╫₧╫£, ╫פ╫á╫פ ╫₧╫פ ╫⌐╫ª╫¿╫ש╫ת ╫£╫ó╫⌐╫ץ╫¬ ╫¢╫ף╫ש ╫£╫פ╫ש╫₧╫á╫ó ╫₧╫á╫צ╫º ╫₧╫ש╫ץ╫¬╫¿.</p><h3>╫₧╫פ ╫פ╫ף╫ס╫¿ ╫פ╫¿╫נ╫⌐╫ץ╫ƒ ╫£╫ó╫⌐╫ץ╫¬?</h3><p>╫º╫ץ╫ף╫¥ ╫¢╫£, ╫ó╫ª╫¿╫ץ. ╫פ╫á╫ר╫ש╫ש╫פ ╫פ╫ר╫ס╫ó╫ש╫¬ ╫פ╫ש╫נ ╫£╫£╫ק╫ץ╫Ñ ╫ó╫£ ╫פ╫ע╫צ ╫ס╫¢╫£ ╫פ╫¢╫ץ╫ק ╫¢╫ף╫ש ╫£╫ª╫נ╫¬, ╫נ╫ס╫£ ╫צ╫פ ╫¿╫º ╫ע╫ץ╫¿╫¥ ╫£╫ע╫£╫ע╫£╫ש╫¥ ╫£╫ק╫ñ╫ץ╫¿ ╫ó╫₧╫ץ╫º ╫ש╫ץ╫¬╫¿ ╫ץ╫ó╫£╫ץ╫£ ╫£╫פ╫ץ╫ס╫ש╫£ ╫£╫⌐╫ס╫ש╫¿╫¬ ╫ª╫ש╫¿╫ש╫פ ╫נ╫ץ ╫á╫צ╫º ╫£╫₧╫á╫ץ╫ó. ╫⌐╫ק╫¿╫¿╫ץ ╫נ╫¬ ╫פ╫¿╫ע╫£ ╫₧╫פ╫ף╫ץ╫ץ╫⌐╫פ ╫ץ╫פ╫ó╫¿╫ש╫¢╫ץ ╫נ╫¬ ╫פ╫₧╫ª╫ס.</p><h3>╫ר╫ש╫ñ╫ש╫¥ ╫£╫ק╫ש╫£╫ץ╫Ñ ╫ó╫ª╫₧╫ש ╫ס╫ר╫ץ╫ק</h3><p>1. <strong>╫פ╫ץ╫¿╫ש╫ף╫ץ ╫£╫ק╫Ñ ╫נ╫ץ╫ץ╫ש╫¿ ╫ס╫ª╫₧╫ש╫ע╫ש╫¥:</strong> ╫£╫ó╫ש╫¬╫ש╫¥, ╫פ╫ץ╫¿╫ף╫¬ ╫£╫ק╫Ñ ╫נ╫ץ╫ץ╫ש╫¿ ╫º╫£╫פ ╫₧╫ע╫ף╫ש╫£╫פ ╫נ╫¬ ╫⌐╫ר╫ק ╫פ╫₧╫ע╫ó ╫⌐╫£ ╫פ╫ª╫₧╫ש╫ע ╫ץ╫ó╫ץ╫צ╫¿╫¬ ╫£╫ץ \"╫£╫ª╫ץ╫ú\" ╫ó╫£ ╫פ╫ס╫ץ╫Ñ.</p><p>2. <strong>╫ש╫ª╫ש╫¿╫¬ ╫ק╫ש╫¢╫ץ╫ת:</strong> ╫פ╫á╫ש╫ק╫ץ ╫ó╫á╫ñ╫ש╫¥ ╫ש╫ס╫⌐╫ש╫¥, ╫נ╫ס╫á╫ש╫¥ ╫⌐╫ר╫ץ╫ק╫ץ╫¬ ╫נ╫ץ ╫⌐╫ר╫ש╫ק╫ץ╫á╫ש ╫פ╫¿╫¢╫ס ╫₧╫¬╫ק╫¬ ╫£╫ע╫£╫ע╫£╫ש╫¥ ╫פ╫₧╫á╫ש╫ó╫ש╫¥. ╫צ╫פ ╫ó╫⌐╫ץ╫ש ╫£╫¬╫¬ ╫נ╫¬ ╫פ'╫נ╫ק╫ש╫צ╫פ' ╫פ╫º╫ר╫á╫פ ╫⌐╫ק╫í╫¿╫פ ╫£╫¢╫¥.</p><p>3. <strong>╫ף╫ó╫ץ ╫₧╫¬╫ש ╫£╫ס╫º╫⌐ ╫ó╫צ╫¿╫פ:</strong> ╫נ╫¥ ╫פ╫¿╫¢╫ס ╫⌐╫º╫ץ╫ó ╫ó╫£ ╫פ╫ע╫ק╫ץ╫ƒ, ╫נ╫£ ╫¬╫í╫¬╫¢╫á╫ץ. ╫á╫ש╫í╫ש╫ץ╫á╫ץ╫¬ ╫ק╫ש╫£╫ץ╫Ñ ╫£╫נ ╫₧╫º╫ª╫ץ╫ó╫ש╫ש╫¥ ╫ó╫£╫ץ╫£╫ש╫¥ ╫£╫פ╫í╫¬╫ש╫ש╫¥ ╫ס╫á╫צ╫º ╫¢╫ס╫ף ╫£╫¿╫¢╫ס ╫נ╫ץ ╫ק╫£╫ש╫£╫פ ╫ס╫ñ╫ª╫ש╫ó╫פ. ╫ª╫ץ╫ץ╫¬ '╫ע╫¿╫¿ ╫₧╫ñ╫¿╫Ñ ╫נ╫º╫í╫ñ╫¿╫í' ╫₧╫¬╫₧╫ק╫פ ╫ס╫ק╫ש╫£╫ץ╫ª╫ש ╫⌐╫ר╫ק ╫ס╫¬╫ץ╫ץ╫נ╫ש ╫₧╫ץ╫¿╫¢╫ס ╫ץ╫₧╫ע╫ש╫ó ╫₧╫ª╫ץ╫ש╫ף ╫ס╫¢╫£ ╫פ╫ª╫ש╫ץ╫ף ╫פ╫ף╫¿╫ץ╫⌐ ╫£╫ק╫ש╫£╫ץ╫Ñ ╫ó╫ף╫ש╫ƒ ╫ץ╫₧╫º╫ª╫ץ╫ó╫ש.</p><h3>╫£╫₧╫פ ╫נ╫á╫ק╫á╫ץ?</h3><p>╫נ╫á╫ק╫á╫ץ ╫₧╫¢╫ש╫¿╫ש╫¥ ╫¢╫£ ╫⌐╫ס╫ש╫£ ╫ס╫ק╫ש╫ñ╫פ ╫ץ╫ס╫º╫¿╫ש╫ץ╫¬. ╫ס╫ש╫ƒ ╫נ╫¥ ╫á╫¬╫º╫ó╫¬╫¥ ╫ס╫ק╫ץ╫ú ╫ס╫º╫¿╫ש╫ש╫¬ ╫ק╫ש╫ש╫¥ ╫נ╫ץ ╫ס╫ס╫ץ╫Ñ ╫פ╫ó╫₧╫ץ╫º ╫⌐╫£ ╫פ╫¢╫¿╫₧╫£, ╫נ╫á╫ק╫á╫ץ ╫צ╫₧╫ש╫á╫ש╫¥ 24/7 ╫¢╫ף╫ש ╫£╫פ╫ץ╫ª╫ש╫נ ╫נ╫¬╫¢╫¥ ╫₧╫פ╫ס╫ץ╫Ñ ╫ס╫ס╫ר╫ק╫פ ╫ץ╫ס╫₧╫ק╫ש╫¿ ╫פ╫ץ╫ע╫ƒ. ╫נ╫£ ╫¬╫¬╫á╫ץ ╫£╫ס╫ץ╫Ñ ╫£╫פ╫¿╫ץ╫í ╫£╫¢╫¥ ╫נ╫¬ ╫פ╫ש╫ץ╫¥ Γאף ╫נ╫á╫ק╫á╫ץ ╫ס╫ף╫¿╫ת ╫נ╫£╫ש╫¢╫¥.</p>"
 367 | }
 367 | ,
     `----

  x Expected ',', got 'string literal (content, "content")'
     ,-[C:\Users\dalia-stein\Desktop\GRAR\src\lib\guides.ts:362:1]
 362 |             "author": "╫פ╫₧╫ץ╫í╫¢╫á╫ש╫º ╫פ╫ץ╫ש╫¿╫ר╫ץ╫נ╫£╫ש - ╫ע╫¿╫¿ ╫ק╫ש╫ñ╫פ",
 363 |     <<<<<<< HEAD
 364 |             "content": "<h2>╫á╫¬╫º╫ó╫¬╫¥ ╫ס╫ס╫ץ╫Ñ? ╫נ╫£ ╫¬╫ש╫¢╫á╫í╫ץ ╫£╫£╫ק╫Ñ!</h2><p>╫¢╫ץ╫£╫á╫ץ ╫נ╫ץ╫פ╫ס╫ש╫¥ ╫נ╫¬ ╫פ╫⌐╫ס╫ש╫£╫ש╫¥ ╫⌐╫£ ╫פ╫¢╫¿╫₧╫£ ╫נ╫ץ ╫נ╫¬ ╫פ╫ק╫ץ╫ñ╫ש╫¥ ╫⌐╫£ ╫פ╫º╫¿╫ש╫ץ╫¬, ╫נ╫ס╫£ ╫£╫ñ╫ó╫₧╫ש╫¥ ╫פ╫¿╫¢╫ס ╫פ-4x4 ╫⌐╫£╫¢╫¥ ╫₧╫ץ╫ª╫נ ╫נ╫¬ ╫ó╫ª╫₧╫ץ ╫ó╫₧╫ץ╫º ╫ס╫¬╫ץ╫ת ╫ס╫ץ╫Ñ ╫ר╫ץ╫ס╫ó╫á╫ש. ╫צ╫פ ╫º╫ץ╫¿╫פ ╫£╫ר╫ץ╫ס╫ש╫¥ ╫ס╫ש╫ץ╫¬╫¿, ╫ץ╫צ╫פ ╫ס╫פ╫ק╫£╫ר ╫£╫נ ╫á╫ó╫ש╫¥. ╫ס╫ע╫¿╫¿ ╫₧╫ñ╫¿╫Ñ ╫נ╫º╫í╫ñ╫¿╫í, ╫נ╫á╫ק╫á╫ץ ╫¿╫ץ╫נ╫ש╫¥ ╫נ╫¬ ╫צ╫פ ╫ש╫ץ╫¥-╫ש╫ץ╫¥ Γאף ╫á╫פ╫ע╫ש╫¥ ╫⌐╫₧╫á╫í╫ש╫¥ ╫£╫ª╫נ╫¬ ╫ס╫¢╫ץ╫ק ╫ץ╫¿╫º ╫ע╫ץ╫¿╫₧╫ש╫¥ ╫£╫¿╫¢╫ס ╫£╫⌐╫º╫ץ╫ó ╫ó╫₧╫ץ╫º ╫ש╫ץ╫¬╫¿.</p><h3>╫₧╫פ ╫£╫ó╫⌐╫ץ╫¬ ╫ס╫¿╫ע╫ó ╫פ╫¿╫נ╫⌐╫ץ╫ƒ?</h3><p>╫º╫ץ╫ף╫¥ ╫¢╫£, ╫¬╫á╫⌐╫₧╫ץ. ╫נ╫£ ╫¬╫£╫ק╫ª╫ץ ╫ó╫£ ╫פ╫ע╫צ ╫ס╫ר╫ש╫¿╫ץ╫ú, ╫¢╫ש ╫פ╫í╫ש╫ס╫ץ╫ס ╫⌐╫£ ╫פ╫ע╫£╫ע╫£╫ש╫¥ ╫¿╫º ╫ש╫ק╫ñ╫ץ╫¿ ╫ס╫ץ╫¿ ╫ó╫₧╫ץ╫º ╫ש╫ץ╫¬╫¿ ╫₧╫í╫ס╫ש╫ס ╫£╫ª╫₧╫ש╫ע╫ש╫¥. ╫פ╫á╫פ ╫₧╫פ ╫⌐╫נ╫¬╫¥ ╫ª╫¿╫ש╫¢╫ש╫¥ ╫£╫ó╫⌐╫ץ╫¬:</p><ul><li><strong>╫ס╫ף╫º╫ץ ╫נ╫¬ ╫פ╫£╫ק╫Ñ:</strong> ╫£╫ó╫ש╫¬╫ש╫¥, ╫פ╫ץ╫¿╫ף╫¬ ╫£╫ק╫Ñ ╫נ╫ץ╫ץ╫ש╫¿ ╫º╫£╫פ ╫ס╫ª╫₧╫ש╫ע╫ש╫¥ ╫ש╫¢╫ץ╫£╫פ ╫£╫פ╫ע╫ף╫ש╫£ ╫נ╫¬ ╫⌐╫ר╫ק ╫פ╫₧╫ע╫ó ╫ץ╫£╫ó╫צ╫ץ╫¿ ╫£╫¿╫¢╫ס ╫£╫ª╫נ╫¬ ╫₧╫פ╫ס╫ץ╫Ñ.</li><li><strong>╫á╫ש╫º╫ץ╫ש ╫₧╫í╫£╫ץ╫£:</strong> ╫נ╫¥ ╫ש╫⌐ ╫£╫¢╫¥ ╫נ╫ñ╫⌐╫¿╫ץ╫¬, ╫ñ╫á╫ץ ╫ס╫ó╫צ╫¿╫¬ ╫נ╫¬ ╫ק╫ñ╫ש╫¿╫פ ╫נ╫ץ ╫נ╫ñ╫ש╫£╫ץ ╫ó╫¥ ╫פ╫ש╫ף╫ש╫ש╫¥ ╫נ╫¬ ╫פ╫ס╫ץ╫Ñ ╫⌐╫פ╫ª╫ר╫ס╫¿ ╫£╫ñ╫á╫ש ╫ץ╫ס╫í╫₧╫ץ╫ת ╫£╫ע╫£╫ע╫£╫ש╫¥ ╫פ╫₧╫á╫ש╫ó╫ש╫¥.</li><li><strong>╫⌐╫ש╫₧╫ץ╫⌐ ╫ס╫º╫¿╫⌐╫ש╫¥ ╫נ╫ץ ╫ó╫á╫ñ╫ש╫¥:</strong> ╫פ╫á╫ש╫ק╫ץ ╫₧╫⌐╫ר╫ק ╫ש╫ª╫ש╫ס (╫º╫¿╫⌐╫ש╫¥, ╫ó╫á╫ñ╫ש╫¥ ╫ש╫ס╫⌐╫ש╫¥ ╫נ╫ץ ╫₧╫ק╫ª╫£╫¬) ╫₧╫¬╫ק╫¬ ╫£╫ע╫£╫ע╫£╫ש╫¥ ╫¢╫ף╫ש ╫£╫¬╫¬ ╫£╫פ╫¥ ╫נ╫ק╫ש╫צ╫פ ╫⌐╫¬╫ó╫צ╫ץ╫¿ ╫£╫¿╫¢╫ס \"╫£╫ר╫ñ╫í\" ╫פ╫ק╫ץ╫ª╫פ.</li></ul><h3>╫₧╫¬╫ש ╫£╫פ╫¿╫ש╫¥ ╫ש╫ף╫ש╫ש╫¥ ╫ץ╫£╫פ╫צ╫₧╫ש╫ƒ ╫ע╫¿╫¿?</h3><p>╫נ╫¥ ╫á╫ש╫í╫ש╫¬╫¥ ╫נ╫¬ ╫פ╫ñ╫ó╫ץ╫£╫ץ╫¬ ╫פ╫נ╫£╫ץ ╫ץ╫פ╫¿╫¢╫ס ╫£╫נ ╫צ╫צ, ╫נ╫ץ ╫⌐╫נ╫¬╫¥ ╫₧╫¿╫ע╫ש╫⌐╫ש╫¥ ╫⌐╫פ╫¿╫¢╫ס ╫⌐╫ץ╫º╫ó ╫ó╫₧╫ץ╫º ╫₧╫ף╫ש Γאף ╫ó╫ª╫¿╫ץ. ╫á╫ש╫í╫ש╫ץ╫á╫ץ╫¬ ╫ק╫ש╫£╫ץ╫Ñ ╫נ╫ע╫¿╫í╫ש╫ס╫ש╫ש╫¥ ╫ó╫£╫ץ╫£╫ש╫¥ ╫£╫פ╫ץ╫ס╫ש╫£ ╫£╫á╫צ╫º ╫£╫₧╫ó╫¿╫¢╫¬ ╫פ╫פ╫á╫ó╫פ ╫נ╫ץ ╫£╫ñ╫ע╫ש╫ó╫פ ╫ס╫¬╫ק╫¬╫ש╫¬ ╫פ╫¿╫¢╫ס. ╫ס╫ע╫¿╫¿ ╫₧╫ñ╫¿╫Ñ ╫נ╫º╫í╫ñ╫¿╫í, ╫נ╫á╫ק╫á╫ץ ╫₧╫¬╫₧╫ק╫ש╫¥ ╫ס╫ק╫ש╫£╫ץ╫ª╫ש 4x4 ╫ץ╫⌐╫ר╫ק ╫ס╫נ╫צ╫ץ╫¿ ╫ק╫ש╫ñ╫פ ╫ץ╫פ╫¢╫¿╫₧╫£. ╫ש╫⌐ ╫£╫á╫ץ ╫נ╫¬ ╫פ╫ª╫ש╫ץ╫ף ╫פ╫₧╫¬╫נ╫ש╫¥ ╫¢╫ף╫ש ╫£╫ק╫£╫Ñ ╫נ╫¬╫¢╫¥ ╫ס╫ס╫ר╫ק╫פ, ╫₧╫ס╫£╫ש ╫£╫ע╫¿╫ץ╫¥ ╫á╫צ╫º ╫á╫ץ╫í╫ú ╫£╫¿╫¢╫ס ╫פ╫ש╫º╫¿ ╫⌐╫£╫¢╫¥.</p><p>╫צ╫º╫ץ╫º╫ש╫¥ ╫£╫ó╫צ╫¿╫פ ╫ס╫í╫ר╫£╫פ ╫₧╫נ╫¿╫ש╫í, ╫ס╫ש╫ó╫¿╫ץ╫¬ ╫פ╫¢╫¿╫₧╫£ ╫נ╫ץ ╫ס╫ק╫ץ╫ú ╫º╫¿╫ש╫¬ ╫ק╫ש╫ש╫¥? ╫נ╫á╫ק╫á╫ץ ╫¢╫נ╫ƒ ╫צ╫₧╫ש╫á╫ש╫¥ ╫ó╫ס╫ץ╫¿╫¢╫¥ 24/7. ╫נ╫£ ╫¬╫í╫¬╫¢╫á╫ץ, ╫¬╫á╫ץ ╫£╫₧╫º╫ª╫ץ╫ó╫á╫ש╫¥ ╫£╫פ╫ק╫צ╫ש╫¿ ╫נ╫¬╫¢╫¥ ╫£╫¢╫ס╫ש╫⌐ ╫ס╫¿╫נ╫⌐ ╫⌐╫º╫ר.</p>"
 365 | ,-> =======
 366 | `->     "content": "<h2>╫á╫¬╫º╫ó╫¬╫¥ ╫ס╫ס╫ץ╫Ñ? ╫נ╫£ ╫¬╫£╫ק╫ª╫ץ ╫ó╫£ ╫פ╫ע╫צ!</h2><p>╫פ╫¢╫¿╫₧╫£ ╫₧╫ª╫ש╫ó ╫₧╫í╫£╫ץ╫£╫ש ╫⌐╫ר╫ק ╫₧╫¿╫פ╫ש╫ס╫ש╫¥, ╫נ╫ס╫£ ╫פ╫ס╫ץ╫Ñ ╫פ╫ק╫ש╫ñ╫נ╫ש ╫ש╫¢╫ץ╫£ ╫£╫פ╫ñ╫¬╫ש╫ó ╫ע╫¥ ╫נ╫¬ ╫פ╫á╫פ╫ע╫ש╫¥ ╫פ╫₧╫á╫ץ╫í╫ש╫¥ ╫ס╫ש╫ץ╫¬╫¿. ╫נ╫¥ ╫₧╫ª╫נ╫¬╫¥ ╫נ╫¬ ╫ó╫ª╫₧╫¢╫¥ ╫⌐╫º╫ץ╫ó╫ש╫¥ ╫ס╫ס╫ץ╫Ñ ╫ó╫₧╫ץ╫º ╫ס╫נ╫צ╫ץ╫¿ ╫ף╫á╫ש╫פ ╫נ╫ץ ╫ס╫ש╫ó╫¿╫ץ╫¬ ╫פ╫¢╫¿╫₧╫£, ╫פ╫á╫פ ╫₧╫פ ╫⌐╫ª╫¿╫ש╫ת ╫£╫ó╫⌐╫ץ╫¬ ╫¢╫ף╫ש ╫£╫פ╫ש╫₧╫á╫ó ╫₧╫á╫צ╫º ╫₧╫ש╫ץ╫¬╫¿.</p><h3>╫₧╫פ ╫פ╫ף╫ס╫¿ ╫פ╫¿╫נ╫⌐╫ץ╫ƒ ╫£╫ó╫⌐╫ץ╫¬?</h3><p>╫º╫ץ╫ף╫¥ ╫¢╫£, ╫ó╫ª╫¿╫ץ. ╫פ╫á╫ר╫ש╫ש╫פ ╫פ╫ר╫ס╫ó╫ש╫¬ ╫פ╫ש╫נ ╫£╫£╫ק╫ץ╫Ñ ╫ó╫£ ╫פ╫ע╫צ ╫ס╫¢╫£ ╫פ╫¢╫ץ╫ק ╫¢╫ף╫ש ╫£╫ª╫נ╫¬, ╫נ╫ס╫£ ╫צ╫פ ╫¿╫º ╫ע╫ץ╫¿╫¥ ╫£╫ע╫£╫ע╫£╫ש╫¥ ╫£╫ק╫ñ╫ץ╫¿ ╫ó╫₧╫ץ╫º ╫ש╫ץ╫¬╫¿ ╫ץ╫ó╫£╫ץ╫£ ╫£╫פ╫ץ╫ס╫ש╫£ ╫£╫⌐╫ס╫ש╫¿╫¬ ╫ª╫ש╫¿╫ש╫פ ╫נ╫ץ ╫á╫צ╫º ╫£╫₧╫á╫ץ╫ó. ╫⌐╫ק╫¿╫¿╫ץ ╫נ╫¬ ╫פ╫¿╫ע╫£ ╫₧╫פ╫ף╫ץ╫ץ╫⌐╫פ ╫ץ╫פ╫ó╫¿╫ש╫¢╫ץ ╫נ╫¬ ╫פ╫₧╫ª╫ס.</p><h3>╫ר╫ש╫ñ╫ש╫¥ ╫£╫ק╫ש╫£╫ץ╫Ñ ╫ó╫ª╫₧╫ש ╫ס╫ר╫ץ╫ק</h3><p>1. <strong>╫פ╫ץ╫¿╫ש╫ף╫ץ ╫£╫ק╫Ñ ╫נ╫ץ╫ץ╫ש╫¿ ╫ס╫ª╫₧╫ש╫ע╫ש╫¥:</strong> ╫£╫ó╫ש╫¬╫ש╫¥, ╫פ╫ץ╫¿╫ף╫¬ ╫£╫ק╫Ñ ╫נ╫ץ╫ץ╫ש╫¿ ╫º╫£╫פ ╫₧╫ע╫ף╫ש╫£╫פ ╫נ╫¬ ╫⌐╫ר╫ק ╫פ╫₧╫ע╫ó ╫⌐╫£ ╫פ╫ª╫₧╫ש╫ע ╫ץ╫ó╫ץ╫צ╫¿╫¬ ╫£╫ץ \"╫£╫ª╫ץ╫ú\" ╫ó╫£ ╫פ╫ס╫ץ╫Ñ.</p><p>2. <strong>╫ש╫ª╫ש╫¿╫¬ ╫ק╫ש╫¢╫ץ╫ת:</strong> ╫פ╫á╫ש╫ק╫ץ ╫ó╫á╫ñ╫ש╫¥ ╫ש╫ס╫⌐╫ש╫¥, ╫נ╫ס╫á╫ש╫¥ ╫⌐╫ר╫ץ╫ק╫ץ╫¬ ╫נ╫ץ ╫⌐╫ר╫ש╫ק╫ץ╫á╫ש ╫פ╫¿╫¢╫ס ╫₧╫¬╫ק╫¬ ╫£╫ע╫£╫ע╫£╫ש╫¥ ╫פ╫₧╫á╫ש╫ó╫ש╫¥. ╫צ╫פ ╫ó╫⌐╫ץ╫ש ╫£╫¬╫¬ ╫נ╫¬ ╫פ'╫נ╫ק╫ש╫צ╫פ' ╫פ╫º╫ר╫á╫פ ╫⌐╫ק╫í╫¿╫פ ╫£╫¢╫¥.</p><p>3. <strong>╫ף╫ó╫ץ ╫₧╫¬╫ש ╫£╫ס╫º╫⌐ ╫ó╫צ╫¿╫פ:</strong> ╫נ╫¥ ╫פ╫¿╫¢╫ס ╫⌐╫º╫ץ╫ó ╫ó╫£ ╫פ╫ע╫ק╫ץ╫ƒ, ╫נ╫£ ╫¬╫í╫¬╫¢╫á╫ץ. ╫á╫ש╫í╫ש╫ץ╫á╫ץ╫¬ ╫ק╫ש╫£╫ץ╫Ñ ╫£╫נ ╫₧╫º╫ª╫ץ╫ó╫ש╫ש╫¥ ╫ó╫£╫ץ╫£╫ש╫¥ ╫£╫פ╫í╫¬╫ש╫ש╫¥ ╫ס╫á╫צ╫º ╫¢╫ס╫ף ╫£╫¿╫¢╫ס ╫נ╫ץ ╫ק╫£╫ש╫£╫פ ╫ס╫ñ╫ª╫ש╫ó╫פ. ╫ª╫ץ╫ץ╫¬ '╫ע╫¿╫¿ ╫₧╫ñ╫¿╫Ñ ╫נ╫º╫í╫ñ╫¿╫í' ╫₧╫¬╫₧╫ק╫פ ╫ס╫ק╫ש╫£╫ץ╫ª╫ש ╫⌐╫ר╫ק ╫ס╫¬╫ץ╫ץ╫נ╫ש ╫₧╫ץ╫¿╫¢╫ס ╫ץ╫₧╫ע╫ש╫ó ╫₧╫ª╫ץ╫ש╫ף ╫ס╫¢╫£ ╫פ╫ª╫ש╫ץ╫ף ╫פ╫ף╫¿╫ץ╫⌐ ╫£╫ק╫ש╫£╫ץ╫Ñ ╫ó╫ף╫ש╫ƒ ╫ץ╫₧╫º╫ª╫ץ╫ó╫ש.</p><h3>╫£╫₧╫פ ╫נ╫á╫ק╫á╫ץ?</h3><p>╫נ╫á╫ק╫á╫ץ ╫₧╫¢╫ש╫¿╫ש╫¥ ╫¢╫£ ╫⌐╫ס╫ש╫£ ╫ס╫ק╫ש╫ñ╫פ ╫ץ╫ס╫º╫¿╫ש╫ץ╫¬. ╫ס╫ש╫ƒ ╫נ╫¥ ╫á╫¬╫º╫ó╫¬╫¥ ╫ס╫ק╫ץ╫ú ╫ס╫º╫¿╫ש╫ש╫¬ ╫ק╫ש╫ש╫¥ ╫נ╫ץ ╫ס╫ס╫ץ╫Ñ ╫פ╫ó╫₧╫ץ╫º ╫⌐╫£ ╫פ╫¢╫¿╫₧╫£, ╫נ╫á╫ק╫á╫ץ ╫צ╫₧╫ש╫á╫ש╫¥ 24/7 ╫¢╫ף╫ש ╫£╫פ╫ץ╫ª╫ש╫נ ╫נ╫¬╫¢╫¥ ╫₧╫פ╫ס╫ץ╫Ñ ╫ס╫ס╫ר╫ק╫פ ╫ץ╫ס╫₧╫ק╫ש╫¿ ╫פ╫ץ╫ע╫ƒ. ╫נ╫£ ╫¬╫¬╫á╫ץ ╫£╫ס╫ץ╫Ñ ╫£╫פ╫¿╫ץ╫í ╫£╫¢╫¥ ╫נ╫¬ ╫פ╫ש╫ץ╫¥ Γאף ╫נ╫á╫ק╫á╫ץ ╫ס╫ף╫¿╫ת ╫נ╫£╫ש╫¢╫¥.</p>"
 367 |     }
 368 |     ,
 368 |     {
     `----

Caused by:
    Syntax Error

Import trace for requested module:
./src/lib/guides.ts
./src/app/guides/page.tsx


> Build failed because of webpack errors
